#
# There is insufficient memory for the Java Runtime Environment to continue.
# Native memory allocation (malloc) failed to allocate 2211984 bytes for Chunk::new
# Possible reasons:
#   The system is out of physical RAM or swap space
#   The process is running with CompressedOops enabled, and the Java Heap may be blocking the growth of the native heap
# Possible solutions:
#   Reduce memory load on the system
#   Increase physical memory or swap space
#   Check if swap backing store is full
#   Decrease Java heap size (-Xmx/-Xms)
#   Decrease number of Java threads
#   Decrease Java thread stack sizes (-Xss)
#   Set larger code cache with -XX:ReservedCodeCacheSize=
#   JVM is running with Unscaled Compressed Oops mode in which the Java heap is
#     placed in the first 4GB address space. The Java Heap base address is the
#     maximum limit for the native heap growth. Please use -XX:HeapBaseMinAddress
#     to set the Java Heap base and to place the Java Heap above 4GB virtual address.
# This output file may be truncated or incomplete.
#
#  Out of Memory Error (arena.cpp:191), pid=20680, tid=20304
#
# JRE version: OpenJDK Runtime Environment JBR-17.0.9+8-1166.2-nomod (17.0.9+8) (build 17.0.9+8-b1166.2)
# Java VM: OpenJDK 64-Bit Server VM JBR-17.0.9+8-1166.2-nomod (17.0.9+8-b1166.2, mixed mode, tiered, compressed oops, compressed class ptrs, g1 gc, windows-amd64)
# No core dump will be written. Minidumps are not enabled by default on client versions of Windows
#

---------------  S U M M A R Y ------------

Command Line: --add-opens=java.base/java.util=ALL-UNNAMED --add-opens=java.base/java.lang=ALL-UNNAMED --add-opens=java.base/java.lang.invoke=ALL-UNNAMED --add-opens=java.base/java.util=ALL-UNNAMED --add-opens=java.prefs/java.util.prefs=ALL-UNNAMED --add-opens=java.prefs/java.util.prefs=ALL-UNNAMED --add-opens=java.base/java.nio.charset=ALL-UNNAMED --add-opens=java.base/java.net=ALL-UNNAMED --add-opens=java.base/java.util.concurrent.atomic=ALL-UNNAMED -XX:MaxMetaspaceSize=256m -XX:+HeapDumpOnOutOfMemoryError -Xms256m -Xmx512m -Dfile.encoding=x-windows-949 -Duser.country=US -Duser.language=en -Duser.variant org.gradle.launcher.daemon.bootstrap.GradleDaemon 7.5

Host: AMD Ryzen 7 PRO 6850U with Radeon Graphics     , 16 cores, 14G,  Windows 11 , 64 bit Build 22621 (10.0.22621.3672)
Time: Thu Aug  8 16:01:53 2024  Windows 11 , 64 bit Build 22621 (10.0.22621.3672) elapsed time: 6.293526 seconds (0d 0h 0m 6s)

---------------  T H R E A D  ---------------

Current thread (0x000001ec6ba3e040):  JavaThread "C2 CompilerThread1" daemon [_thread_in_native, id=20304, stack(0x0000009299700000,0x0000009299800000)]


Current CompileTask:
C2:   6293 6354   !   4       java.net.URLClassLoader::findClass (47 bytes)

Stack: [0x0000009299700000,0x0000009299800000]
Native frames: (J=compiled Java code, j=interpreted, Vv=VM code, C=native code)
V  [jvm.dll+0x688349]
V  [jvm.dll+0x841bfa]
V  [jvm.dll+0x84383e]
V  [jvm.dll+0x843ea3]
V  [jvm.dll+0x24bdef]
V  [jvm.dll+0xac44c]
V  [jvm.dll+0xaca9c]
V  [jvm.dll+0x36be77]
V  [jvm.dll+0x33619a]
V  [jvm.dll+0x33563a]
V  [jvm.dll+0x21da61]
V  [jvm.dll+0x21ce81]
V  [jvm.dll+0x1a66dd]
V  [jvm.dll+0x22cd28]
V  [jvm.dll+0x22ae60]
V  [jvm.dll+0x7f6087]
V  [jvm.dll+0x7f043a]
V  [jvm.dll+0x6871c5]
C  [ucrtbase.dll+0x29333]
C  [KERNEL32.DLL+0x1257d]
C  [ntdll.dll+0x5af28]


---------------  P R O C E S S  ---------------

Threads class SMR info:
_java_thread_list=0x000001ec6e36e5a0, length=48, elements={
0x000001ec4c78d090, 0x000001ec65b41040, 0x000001ec65b41810, 0x000001ec65b47020,
0x000001ec65b73400, 0x000001ec65b73fc0, 0x000001ec65b74a80, 0x000001ec65b95350,
0x000001ec65b97150, 0x000001ec65b9a4f0, 0x000001ec65cc0680, 0x000001ec65d33480,
0x000001ec65d462a0, 0x000001ec65d46780, 0x000001ec6b78c050, 0x000001ec6b717720,
0x000001ec6c4f9ac0, 0x000001ec6b5ce120, 0x000001ec6acbb740, 0x000001ec6bf46920,
0x000001ec6c15ad90, 0x000001ec6c15b2a0, 0x000001ec6c15a370, 0x000001ec6c15a880,
0x000001ec6c15b7b0, 0x000001ec6ba3e040, 0x000001ec6bb2dab0, 0x000001ec6bb2f400,
0x000001ec6bb2a300, 0x000001ec6bb2cb80, 0x000001ec6bb2a810, 0x000001ec6bb2ad20,
0x000001ec6bb2f910, 0x000001ec6bb2eef0, 0x000001ec6bb2e4d0, 0x000001ec6bb2c160,
0x000001ec6bb2dfc0, 0x000001ec6bb29df0, 0x000001ec6bb2d5a0, 0x000001ec6bb289b0,
0x000001ec6bb28ec0, 0x000001ec6bb293d0, 0x000001ec6bb2b230, 0x000001ec6bb298e0,
0x000001ec6bb2b740, 0x000001ec6bb2c670, 0x000001ec6bb2bc50, 0x000001ec6cd40170
}

Java Threads: ( => current thread )
  0x000001ec4c78d090 JavaThread "main" [_thread_blocked, id=31896, stack(0x0000009297200000,0x0000009297300000)]
  0x000001ec65b41040 JavaThread "Reference Handler" daemon [_thread_blocked, id=14812, stack(0x0000009297900000,0x0000009297a00000)]
  0x000001ec65b41810 JavaThread "Finalizer" daemon [_thread_blocked, id=30276, stack(0x0000009297a00000,0x0000009297b00000)]
  0x000001ec65b47020 JavaThread "Signal Dispatcher" daemon [_thread_blocked, id=22412, stack(0x0000009297b00000,0x0000009297c00000)]
  0x000001ec65b73400 JavaThread "Attach Listener" daemon [_thread_blocked, id=40916, stack(0x0000009297c00000,0x0000009297d00000)]
  0x000001ec65b73fc0 JavaThread "Service Thread" daemon [_thread_blocked, id=5092, stack(0x0000009297d00000,0x0000009297e00000)]
  0x000001ec65b74a80 JavaThread "Monitor Deflation Thread" daemon [_thread_blocked, id=34760, stack(0x0000009297e00000,0x0000009297f00000)]
  0x000001ec65b95350 JavaThread "C2 CompilerThread0" daemon [_thread_in_native, id=27796, stack(0x0000009297f00000,0x0000009298000000)]
  0x000001ec65b97150 JavaThread "C1 CompilerThread0" daemon [_thread_blocked, id=14420, stack(0x0000009298000000,0x0000009298100000)]
  0x000001ec65b9a4f0 JavaThread "Sweeper thread" daemon [_thread_blocked, id=44688, stack(0x0000009298100000,0x0000009298200000)]
  0x000001ec65cc0680 JavaThread "C1 CompilerThread1" daemon [_thread_blocked, id=30900, stack(0x0000009298200000,0x0000009298300000)]
  0x000001ec65d33480 JavaThread "C1 CompilerThread2" daemon [_thread_blocked, id=27252, stack(0x0000009298300000,0x0000009298400000)]
  0x000001ec65d462a0 JavaThread "Common-Cleaner" daemon [_thread_blocked, id=17400, stack(0x0000009298400000,0x0000009298500000)]
  0x000001ec65d46780 JavaThread "Notification Thread" daemon [_thread_blocked, id=44280, stack(0x0000009298500000,0x0000009298600000)]
  0x000001ec6b78c050 JavaThread "C1 CompilerThread3" daemon [_thread_blocked, id=41500, stack(0x0000009298d00000,0x0000009298e00000)]
  0x000001ec6b717720 JavaThread "Daemon health stats" [_thread_blocked, id=29080, stack(0x0000009298e00000,0x0000009298f00000)]
  0x000001ec6c4f9ac0 JavaThread "Incoming local TCP Connector on port 54999" [_thread_in_native, id=43588, stack(0x0000009298700000,0x0000009298800000)]
  0x000001ec6b5ce120 JavaThread "Daemon periodic checks" [_thread_blocked, id=26156, stack(0x0000009298f00000,0x0000009299000000)]
  0x000001ec6acbb740 JavaThread "Daemon" [_thread_blocked, id=23420, stack(0x0000009299000000,0x0000009299100000)]
  0x000001ec6bf46920 JavaThread "Handler for socket connection from /127.0.0.1:54999 to /127.0.0.1:55000" [_thread_in_native, id=17908, stack(0x0000009299100000,0x0000009299200000)]
  0x000001ec6c15ad90 JavaThread "Cancel handler" [_thread_blocked, id=8356, stack(0x0000009299200000,0x0000009299300000)]
  0x000001ec6c15b2a0 JavaThread "Daemon worker" [_thread_in_Java, id=37928, stack(0x0000009299300000,0x0000009299400000)]
  0x000001ec6c15a370 JavaThread "Asynchronous log dispatcher for DefaultDaemonConnection: socket connection from /127.0.0.1:54999 to /127.0.0.1:55000" [_thread_blocked, id=17332, stack(0x0000009299400000,0x0000009299500000)]
  0x000001ec6c15a880 JavaThread "Stdin handler" [_thread_blocked, id=18768, stack(0x0000009299500000,0x0000009299600000)]
  0x000001ec6c15b7b0 JavaThread "Daemon client event forwarder" [_thread_blocked, id=28332, stack(0x0000009299600000,0x0000009299700000)]
=>0x000001ec6ba3e040 JavaThread "C2 CompilerThread1" daemon [_thread_in_native, id=20304, stack(0x0000009299700000,0x0000009299800000)]
  0x000001ec6bb2dab0 JavaThread "Cache worker for journal cache (C:\Users\mtriu\.gradle\caches\journal-1)" [_thread_blocked, id=20708, stack(0x0000009299800000,0x0000009299900000)]
  0x000001ec6bb2f400 JavaThread "File lock request listener" [_thread_in_native, id=29008, stack(0x0000009299900000,0x0000009299a00000)]
  0x000001ec6bb2a300 JavaThread "Cache worker for file hash cache (C:\Users\mtriu\.gradle\caches\7.5\fileHashes)" [_thread_blocked, id=10392, stack(0x000000929a300000,0x000000929a400000)]
  0x000001ec6bb2cb80 JavaThread "File watcher server" daemon [_thread_in_native, id=40572, stack(0x000000929a400000,0x000000929a500000)]
  0x000001ec6bb2a810 JavaThread "File watcher consumer" daemon [_thread_blocked, id=17344, stack(0x000000929a500000,0x000000929a600000)]
  0x000001ec6bb2ad20 JavaThread "Cache worker for checksums cache (C:\Users\mtriu\OneDrive\문서\Practice\spring-boot-kafka\.gradle\7.5\checksums)" [_thread_blocked, id=39540, stack(0x000000929a600000,0x000000929a700000)]
  0x000001ec6bb2f910 JavaThread "Cache worker for cache directory md-rule (C:\Users\mtriu\.gradle\caches\7.5\md-rule)" [_thread_blocked, id=1188, stack(0x000000929a700000,0x000000929a800000)]
  0x000001ec6bb2eef0 JavaThread "Cache worker for file content cache (C:\Users\mtriu\.gradle\caches\7.5\fileContent)" [_thread_blocked, id=44792, stack(0x000000929a800000,0x000000929a900000)]
  0x000001ec6bb2e4d0 JavaThread "Cache worker for file hash cache (C:\Users\mtriu\OneDrive\문서\Practice\spring-boot-kafka\.gradle\7.5\fileHashes)" [_thread_blocked, id=15576, stack(0x000000929a900000,0x000000929aa00000)]
  0x000001ec6bb2c160 JavaThread "Cache worker for cache directory md-supplier (C:\Users\mtriu\.gradle\caches\7.5\md-supplier)" [_thread_blocked, id=40320, stack(0x000000929aa00000,0x000000929ab00000)]
  0x000001ec6bb2dfc0 JavaThread "Cache worker for execution history cache (C:\Users\mtriu\.gradle\caches\7.5\executionHistory)" [_thread_blocked, id=37676, stack(0x000000929ab00000,0x000000929ac00000)]
  0x000001ec6bb29df0 JavaThread "jar transforms" [_thread_blocked, id=3276, stack(0x000000929ac00000,0x000000929ad00000)]
  0x000001ec6bb2d5a0 JavaThread "jar transforms Thread 2" [_thread_blocked, id=5672, stack(0x000000929ad00000,0x000000929ae00000)]
  0x000001ec6bb289b0 JavaThread "jar transforms Thread 3" [_thread_blocked, id=26828, stack(0x000000929ae00000,0x000000929af00000)]
  0x000001ec6bb28ec0 JavaThread "jar transforms Thread 4" [_thread_blocked, id=31128, stack(0x000000929af00000,0x000000929b000000)]
  0x000001ec6bb293d0 JavaThread "jar transforms Thread 5" [_thread_blocked, id=44824, stack(0x000000929b000000,0x000000929b100000)]
  0x000001ec6bb2b230 JavaThread "jar transforms Thread 6" [_thread_blocked, id=20216, stack(0x000000929b100000,0x000000929b200000)]
  0x000001ec6bb298e0 JavaThread "Cache worker for kotlin-dsl (C:\Users\mtriu\.gradle\caches\7.5\kotlin-dsl)" [_thread_blocked, id=25488, stack(0x000000929b200000,0x000000929b300000)]
  0x000001ec6bb2b740 JavaThread "jar transforms Thread 7" [_thread_blocked, id=25388, stack(0x000000929b300000,0x000000929b400000)]
  0x000001ec6bb2c670 JavaThread "Cache worker for dependencies-accessors (C:\Users\mtriu\OneDrive\문서\Practice\spring-boot-kafka\.gradle\7.5\dependencies-accessors)" [_thread_blocked, id=38384, stack(0x000000929b400000,0x000000929b500000)]
  0x000001ec6bb2bc50 JavaThread "Cache worker for Build Output Cleanup Cache (C:\Users\mtriu\OneDrive\문서\Practice\spring-boot-kafka\.gradle\buildOutputCleanup)" [_thread_blocked, id=21724, stack(0x000000929b500000,0x000000929b600000)]
  0x000001ec6cd40170 JavaThread "jar transforms Thread 8" [_thread_blocked, id=13720, stack(0x000000929b600000,0x000000929b700000)]

Other Threads:
  0x000001ec659fec70 VMThread "VM Thread" [stack: 0x0000009297800000,0x0000009297900000] [id=17460]
  0x000001ec65d46c60 WatcherThread [stack: 0x0000009298600000,0x0000009298700000] [id=26700]
  0x000001ec4c7bd0a0 GCTaskThread "GC Thread#0" [stack: 0x0000009297300000,0x0000009297400000] [id=29244]
  0x000001ec6acca6b0 GCTaskThread "GC Thread#1" [stack: 0x0000009298800000,0x0000009298900000] [id=9316]
  0x000001ec6accac30 GCTaskThread "GC Thread#2" [stack: 0x0000009298900000,0x0000009298a00000] [id=43756]
  0x000001ec6accbcb0 GCTaskThread "GC Thread#3" [stack: 0x0000009298a00000,0x0000009298b00000] [id=41356]
  0x000001ec6accb1b0 GCTaskThread "GC Thread#4" [stack: 0x0000009298b00000,0x0000009298c00000] [id=30792]
  0x000001ec6accc230 GCTaskThread "GC Thread#5" [stack: 0x0000009298c00000,0x0000009298d00000] [id=32268]
  0x000001ec6accb730 GCTaskThread "GC Thread#6" [stack: 0x0000009299a00000,0x0000009299b00000] [id=36072]
  0x000001ec6accb9f0 GCTaskThread "GC Thread#7" [stack: 0x0000009299b00000,0x0000009299c00000] [id=26812]
  0x000001ec6accbf70 GCTaskThread "GC Thread#8" [stack: 0x0000009299c00000,0x0000009299d00000] [id=20192]
  0x000001ec6b7027b0 GCTaskThread "GC Thread#9" [stack: 0x0000009299d00000,0x0000009299e00000] [id=39896]
  0x000001ec6b7032b0 GCTaskThread "GC Thread#10" [stack: 0x0000009299e00000,0x0000009299f00000] [id=44888]
  0x000001ec6b702230 GCTaskThread "GC Thread#11" [stack: 0x0000009299f00000,0x000000929a000000] [id=18284]
  0x000001ec6b703830 GCTaskThread "GC Thread#12" [stack: 0x000000929a000000,0x000000929a100000] [id=4184]
  0x000001ec4c7c1e90 ConcurrentGCThread "G1 Main Marker" [stack: 0x0000009297400000,0x0000009297500000] [id=14480]
  0x000001ec4c7c2750 ConcurrentGCThread "G1 Conc#0" [stack: 0x0000009297500000,0x0000009297600000] [id=20584]
  0x000001ec6b7011b0 ConcurrentGCThread "G1 Conc#1" [stack: 0x000000929a100000,0x000000929a200000] [id=7224]
  0x000001ec6b703570 ConcurrentGCThread "G1 Conc#2" [stack: 0x000000929a200000,0x000000929a300000] [id=35068]
  0x000001ec4c83ec20 ConcurrentGCThread "G1 Refine#0" [stack: 0x0000009297600000,0x0000009297700000] [id=38340]
  0x000001ec6587ab80 ConcurrentGCThread "G1 Service" [stack: 0x0000009297700000,0x0000009297800000] [id=42600]

Threads with active compile tasks:
C2 CompilerThread0     6366 6353   !   4       java.lang.ClassLoader::loadClass (121 bytes)
C2 CompilerThread1     6366 6354   !   4       java.net.URLClassLoader::findClass (47 bytes)

VM state: not at safepoint (normal execution)

VM Mutex/Monitor currently owned by a thread: None

Heap address: 0x00000000e0000000, size: 512 MB, Compressed Oops mode: 32-bit

CDS archive(s) not mapped
Compressed class space mapped at: 0x0000000100000000-0x000000010d000000, reserved size: 218103808
Narrow klass base: 0x0000000000000000, Narrow klass shift: 3, Narrow klass range: 0x10d000000

GC Precious Log:
 CPUs: 16 total, 16 available
 Memory: 15118M
 Large Page Support: Disabled
 NUMA Support: Disabled
 Compressed Oops: Enabled (32-bit)
 Heap Region Size: 1M
 Heap Min Capacity: 256M
 Heap Initial Capacity: 256M
 Heap Max Capacity: 512M
 Pre-touch: Disabled
 Parallel Workers: 13
 Concurrent Workers: 3
 Concurrent Refinement Workers: 13
 Periodic GC: Disabled

Heap:
 garbage-first heap   total 262144K, used 49757K [0x00000000e0000000, 0x0000000100000000)
  region size 1024K, 19 young (19456K), 9 survivors (9216K)
 Metaspace       used 57625K, committed 58176K, reserved 278528K
  class space    used 7651K, committed 7936K, reserved 212992K

Heap Regions: E=young(eden), S=young(survivor), O=old, HS=humongous(starts), HC=humongous(continues), CS=collection set, F=free, OA=open archive, CA=closed archive, TAMS=top-at-mark-start (previous, next)
|   0|0x00000000e0000000, 0x00000000e0100000, 0x00000000e0100000|100%| O|  |TAMS 0x00000000e0100000, 0x00000000e0000000| Untracked 
|   1|0x00000000e0100000, 0x00000000e0200000, 0x00000000e0200000|100%| O|  |TAMS 0x00000000e0200000, 0x00000000e0100000| Untracked 
|   2|0x00000000e0200000, 0x00000000e0300000, 0x00000000e0300000|100%| O|  |TAMS 0x00000000e0300000, 0x00000000e0200000| Untracked 
|   3|0x00000000e0300000, 0x00000000e0400000, 0x00000000e0400000|100%|HS|  |TAMS 0x00000000e0400000, 0x00000000e0300000| Complete 
|   4|0x00000000e0400000, 0x00000000e0500000, 0x00000000e0500000|100%|HC|  |TAMS 0x00000000e0500000, 0x00000000e0400000| Complete 
|   5|0x00000000e0500000, 0x00000000e0600000, 0x00000000e0600000|100%|HC|  |TAMS 0x00000000e0600000, 0x00000000e0500000| Complete 
|   6|0x00000000e0600000, 0x00000000e0700000, 0x00000000e0700000|100%| O|  |TAMS 0x00000000e0700000, 0x00000000e0600000| Untracked 
|   7|0x00000000e0700000, 0x00000000e0800000, 0x00000000e0800000|100%| O|  |TAMS 0x00000000e0800000, 0x00000000e0700000| Untracked 
|   8|0x00000000e0800000, 0x00000000e0900000, 0x00000000e0900000|100%| O|  |TAMS 0x00000000e0900000, 0x00000000e0800000| Untracked 
|   9|0x00000000e0900000, 0x00000000e0a00000, 0x00000000e0a00000|100%| O|  |TAMS 0x00000000e0a00000, 0x00000000e0900000| Untracked 
|  10|0x00000000e0a00000, 0x00000000e0b00000, 0x00000000e0b00000|100%| O|  |TAMS 0x00000000e0b00000, 0x00000000e0a00000| Untracked 
|  11|0x00000000e0b00000, 0x00000000e0c00000, 0x00000000e0c00000|100%| O|  |TAMS 0x00000000e0c00000, 0x00000000e0b00000| Untracked 
|  12|0x00000000e0c00000, 0x00000000e0d00000, 0x00000000e0d00000|100%| O|  |TAMS 0x00000000e0d00000, 0x00000000e0c00000| Untracked 
|  13|0x00000000e0d00000, 0x00000000e0e00000, 0x00000000e0e00000|100%| O|  |TAMS 0x00000000e0e00000, 0x00000000e0d00000| Untracked 
|  14|0x00000000e0e00000, 0x00000000e0f00000, 0x00000000e0f00000|100%| O|  |TAMS 0x00000000e0f00000, 0x00000000e0e00000| Untracked 
|  15|0x00000000e0f00000, 0x00000000e1000000, 0x00000000e1000000|100%| O|  |TAMS 0x00000000e1000000, 0x00000000e0f00000| Untracked 
|  16|0x00000000e1000000, 0x00000000e1100000, 0x00000000e1100000|100%| O|  |TAMS 0x00000000e1100000, 0x00000000e1000000| Untracked 
|  17|0x00000000e1100000, 0x00000000e1200000, 0x00000000e1200000|100%| O|  |TAMS 0x00000000e118c600, 0x00000000e1100000| Untracked 
|  18|0x00000000e1200000, 0x00000000e1200000, 0x00000000e1300000|  0%| F|  |TAMS 0x00000000e1200000, 0x00000000e1200000| Untracked 
|  19|0x00000000e1300000, 0x00000000e1400000, 0x00000000e1400000|100%| O|  |TAMS 0x00000000e1300000, 0x00000000e1300000| Untracked 
|  20|0x00000000e1400000, 0x00000000e1500000, 0x00000000e1500000|100%| O|  |TAMS 0x00000000e1400000, 0x00000000e1400000| Untracked 
|  21|0x00000000e1500000, 0x00000000e1600000, 0x00000000e1600000|100%| O|  |TAMS 0x00000000e1500000, 0x00000000e1500000| Untracked 
|  22|0x00000000e1600000, 0x00000000e1700000, 0x00000000e1700000|100%| O|  |TAMS 0x00000000e1600000, 0x00000000e1600000| Untracked 
|  23|0x00000000e1700000, 0x00000000e1800000, 0x00000000e1800000|100%| O|  |TAMS 0x00000000e1700000, 0x00000000e1700000| Untracked 
|  24|0x00000000e1800000, 0x00000000e1900000, 0x00000000e1900000|100%| O|  |TAMS 0x00000000e1800000, 0x00000000e1800000| Untracked 
|  25|0x00000000e1900000, 0x00000000e1a00000, 0x00000000e1a00000|100%| O|  |TAMS 0x00000000e1900000, 0x00000000e1900000| Untracked 
|  26|0x00000000e1a00000, 0x00000000e1b00000, 0x00000000e1b00000|100%| O|  |TAMS 0x00000000e1a00000, 0x00000000e1a00000| Untracked 
|  27|0x00000000e1b00000, 0x00000000e1c00000, 0x00000000e1c00000|100%| O|  |TAMS 0x00000000e1b00000, 0x00000000e1b00000| Untracked 
|  28|0x00000000e1c00000, 0x00000000e1d00000, 0x00000000e1d00000|100%| O|  |TAMS 0x00000000e1c00000, 0x00000000e1c00000| Untracked 
|  29|0x00000000e1d00000, 0x00000000e1e00000, 0x00000000e1e00000|100%| O|  |TAMS 0x00000000e1d00000, 0x00000000e1d00000| Untracked 
|  30|0x00000000e1e00000, 0x00000000e1f00000, 0x00000000e1f00000|100%| O|  |TAMS 0x00000000e1e00000, 0x00000000e1e00000| Untracked 
|  31|0x00000000e1f00000, 0x00000000e2000000, 0x00000000e2000000|100%| O|  |TAMS 0x00000000e1f00000, 0x00000000e1f00000| Untracked 
|  32|0x00000000e2000000, 0x00000000e2038200, 0x00000000e2100000| 21%| O|  |TAMS 0x00000000e2000000, 0x00000000e2000000| Untracked 
|  33|0x00000000e2100000, 0x00000000e2100000, 0x00000000e2200000|  0%| F|  |TAMS 0x00000000e2100000, 0x00000000e2100000| Untracked 
|  34|0x00000000e2200000, 0x00000000e2200000, 0x00000000e2300000|  0%| F|  |TAMS 0x00000000e2200000, 0x00000000e2200000| Untracked 
|  35|0x00000000e2300000, 0x00000000e2300000, 0x00000000e2400000|  0%| F|  |TAMS 0x00000000e2300000, 0x00000000e2300000| Untracked 
|  36|0x00000000e2400000, 0x00000000e2400000, 0x00000000e2500000|  0%| F|  |TAMS 0x00000000e2400000, 0x00000000e2400000| Untracked 
|  37|0x00000000e2500000, 0x00000000e2500000, 0x00000000e2600000|  0%| F|  |TAMS 0x00000000e2500000, 0x00000000e2500000| Untracked 
|  38|0x00000000e2600000, 0x00000000e2600000, 0x00000000e2700000|  0%| F|  |TAMS 0x00000000e2600000, 0x00000000e2600000| Untracked 
|  39|0x00000000e2700000, 0x00000000e2700000, 0x00000000e2800000|  0%| F|  |TAMS 0x00000000e2700000, 0x00000000e2700000| Untracked 
|  40|0x00000000e2800000, 0x00000000e2800000, 0x00000000e2900000|  0%| F|  |TAMS 0x00000000e2800000, 0x00000000e2800000| Untracked 
|  41|0x00000000e2900000, 0x00000000e2900000, 0x00000000e2a00000|  0%| F|  |TAMS 0x00000000e2900000, 0x00000000e2900000| Untracked 
|  42|0x00000000e2a00000, 0x00000000e2a00000, 0x00000000e2b00000|  0%| F|  |TAMS 0x00000000e2a00000, 0x00000000e2a00000| Untracked 
|  43|0x00000000e2b00000, 0x00000000e2b00000, 0x00000000e2c00000|  0%| F|  |TAMS 0x00000000e2b00000, 0x00000000e2b00000| Untracked 
|  44|0x00000000e2c00000, 0x00000000e2c00000, 0x00000000e2d00000|  0%| F|  |TAMS 0x00000000e2c00000, 0x00000000e2c00000| Untracked 
|  45|0x00000000e2d00000, 0x00000000e2d00000, 0x00000000e2e00000|  0%| F|  |TAMS 0x00000000e2d00000, 0x00000000e2d00000| Untracked 
|  46|0x00000000e2e00000, 0x00000000e2e00000, 0x00000000e2f00000|  0%| F|  |TAMS 0x00000000e2e00000, 0x00000000e2e00000| Untracked 
|  47|0x00000000e2f00000, 0x00000000e2f00000, 0x00000000e3000000|  0%| F|  |TAMS 0x00000000e2f00000, 0x00000000e2f00000| Untracked 
|  48|0x00000000e3000000, 0x00000000e3000000, 0x00000000e3100000|  0%| F|  |TAMS 0x00000000e3000000, 0x00000000e3000000| Untracked 
|  49|0x00000000e3100000, 0x00000000e3100000, 0x00000000e3200000|  0%| F|  |TAMS 0x00000000e3100000, 0x00000000e3100000| Untracked 
|  50|0x00000000e3200000, 0x00000000e3200000, 0x00000000e3300000|  0%| F|  |TAMS 0x00000000e3200000, 0x00000000e3200000| Untracked 
|  51|0x00000000e3300000, 0x00000000e3300000, 0x00000000e3400000|  0%| F|  |TAMS 0x00000000e3300000, 0x00000000e3300000| Untracked 
|  52|0x00000000e3400000, 0x00000000e3400000, 0x00000000e3500000|  0%| F|  |TAMS 0x00000000e3400000, 0x00000000e3400000| Untracked 
|  53|0x00000000e3500000, 0x00000000e3500000, 0x00000000e3600000|  0%| F|  |TAMS 0x00000000e3500000, 0x00000000e3500000| Untracked 
|  54|0x00000000e3600000, 0x00000000e3600000, 0x00000000e3700000|  0%| F|  |TAMS 0x00000000e3600000, 0x00000000e3600000| Untracked 
|  55|0x00000000e3700000, 0x00000000e3700000, 0x00000000e3800000|  0%| F|  |TAMS 0x00000000e3700000, 0x00000000e3700000| Untracked 
|  56|0x00000000e3800000, 0x00000000e3800000, 0x00000000e3900000|  0%| F|  |TAMS 0x00000000e3800000, 0x00000000e3800000| Untracked 
|  57|0x00000000e3900000, 0x00000000e3900000, 0x00000000e3a00000|  0%| F|  |TAMS 0x00000000e3900000, 0x00000000e3900000| Untracked 
|  58|0x00000000e3a00000, 0x00000000e3a00000, 0x00000000e3b00000|  0%| F|  |TAMS 0x00000000e3a00000, 0x00000000e3a00000| Untracked 
|  59|0x00000000e3b00000, 0x00000000e3b00000, 0x00000000e3c00000|  0%| F|  |TAMS 0x00000000e3b00000, 0x00000000e3b00000| Untracked 
|  60|0x00000000e3c00000, 0x00000000e3c00000, 0x00000000e3d00000|  0%| F|  |TAMS 0x00000000e3c00000, 0x00000000e3c00000| Untracked 
|  61|0x00000000e3d00000, 0x00000000e3d00000, 0x00000000e3e00000|  0%| F|  |TAMS 0x00000000e3d00000, 0x00000000e3d00000| Untracked 
|  62|0x00000000e3e00000, 0x00000000e3e00000, 0x00000000e3f00000|  0%| F|  |TAMS 0x00000000e3e00000, 0x00000000e3e00000| Untracked 
|  63|0x00000000e3f00000, 0x00000000e3f00000, 0x00000000e4000000|  0%| F|  |TAMS 0x00000000e3f00000, 0x00000000e3f00000| Untracked 
|  64|0x00000000e4000000, 0x00000000e4000000, 0x00000000e4100000|  0%| F|  |TAMS 0x00000000e4000000, 0x00000000e4000000| Untracked 
|  65|0x00000000e4100000, 0x00000000e4100000, 0x00000000e4200000|  0%| F|  |TAMS 0x00000000e4100000, 0x00000000e4100000| Untracked 
|  66|0x00000000e4200000, 0x00000000e4200000, 0x00000000e4300000|  0%| F|  |TAMS 0x00000000e4200000, 0x00000000e4200000| Untracked 
|  67|0x00000000e4300000, 0x00000000e4300000, 0x00000000e4400000|  0%| F|  |TAMS 0x00000000e4300000, 0x00000000e4300000| Untracked 
|  68|0x00000000e4400000, 0x00000000e4400000, 0x00000000e4500000|  0%| F|  |TAMS 0x00000000e4400000, 0x00000000e4400000| Untracked 
|  69|0x00000000e4500000, 0x00000000e4500000, 0x00000000e4600000|  0%| F|  |TAMS 0x00000000e4500000, 0x00000000e4500000| Untracked 
|  70|0x00000000e4600000, 0x00000000e4600000, 0x00000000e4700000|  0%| F|  |TAMS 0x00000000e4600000, 0x00000000e4600000| Untracked 
|  71|0x00000000e4700000, 0x00000000e4700000, 0x00000000e4800000|  0%| F|  |TAMS 0x00000000e4700000, 0x00000000e4700000| Untracked 
|  72|0x00000000e4800000, 0x00000000e4800000, 0x00000000e4900000|  0%| F|  |TAMS 0x00000000e4800000, 0x00000000e4800000| Untracked 
|  73|0x00000000e4900000, 0x00000000e4900000, 0x00000000e4a00000|  0%| F|  |TAMS 0x00000000e4900000, 0x00000000e4900000| Untracked 
|  74|0x00000000e4a00000, 0x00000000e4a00000, 0x00000000e4b00000|  0%| F|  |TAMS 0x00000000e4a00000, 0x00000000e4a00000| Untracked 
|  75|0x00000000e4b00000, 0x00000000e4b00000, 0x00000000e4c00000|  0%| F|  |TAMS 0x00000000e4b00000, 0x00000000e4b00000| Untracked 
|  76|0x00000000e4c00000, 0x00000000e4c00000, 0x00000000e4d00000|  0%| F|  |TAMS 0x00000000e4c00000, 0x00000000e4c00000| Untracked 
|  77|0x00000000e4d00000, 0x00000000e4d00000, 0x00000000e4e00000|  0%| F|  |TAMS 0x00000000e4d00000, 0x00000000e4d00000| Untracked 
|  78|0x00000000e4e00000, 0x00000000e4e00000, 0x00000000e4f00000|  0%| F|  |TAMS 0x00000000e4e00000, 0x00000000e4e00000| Untracked 
|  79|0x00000000e4f00000, 0x00000000e4f00000, 0x00000000e5000000|  0%| F|  |TAMS 0x00000000e4f00000, 0x00000000e4f00000| Untracked 
|  80|0x00000000e5000000, 0x00000000e5000000, 0x00000000e5100000|  0%| F|  |TAMS 0x00000000e5000000, 0x00000000e5000000| Untracked 
|  81|0x00000000e5100000, 0x00000000e5100000, 0x00000000e5200000|  0%| F|  |TAMS 0x00000000e5100000, 0x00000000e5100000| Untracked 
|  82|0x00000000e5200000, 0x00000000e5200000, 0x00000000e5300000|  0%| F|  |TAMS 0x00000000e5200000, 0x00000000e5200000| Untracked 
|  83|0x00000000e5300000, 0x00000000e5300000, 0x00000000e5400000|  0%| F|  |TAMS 0x00000000e5300000, 0x00000000e5300000| Untracked 
|  84|0x00000000e5400000, 0x00000000e5400000, 0x00000000e5500000|  0%| F|  |TAMS 0x00000000e5400000, 0x00000000e5400000| Untracked 
|  85|0x00000000e5500000, 0x00000000e5500000, 0x00000000e5600000|  0%| F|  |TAMS 0x00000000e5500000, 0x00000000e5500000| Untracked 
|  86|0x00000000e5600000, 0x00000000e5600000, 0x00000000e5700000|  0%| F|  |TAMS 0x00000000e5600000, 0x00000000e5600000| Untracked 
|  87|0x00000000e5700000, 0x00000000e5700000, 0x00000000e5800000|  0%| F|  |TAMS 0x00000000e5700000, 0x00000000e5700000| Untracked 
|  88|0x00000000e5800000, 0x00000000e5800000, 0x00000000e5900000|  0%| F|  |TAMS 0x00000000e5800000, 0x00000000e5800000| Untracked 
|  89|0x00000000e5900000, 0x00000000e5900000, 0x00000000e5a00000|  0%| F|  |TAMS 0x00000000e5900000, 0x00000000e5900000| Untracked 
|  90|0x00000000e5a00000, 0x00000000e5a00000, 0x00000000e5b00000|  0%| F|  |TAMS 0x00000000e5a00000, 0x00000000e5a00000| Untracked 
|  91|0x00000000e5b00000, 0x00000000e5b00000, 0x00000000e5c00000|  0%| F|  |TAMS 0x00000000e5b00000, 0x00000000e5b00000| Untracked 
|  92|0x00000000e5c00000, 0x00000000e5c00000, 0x00000000e5d00000|  0%| F|  |TAMS 0x00000000e5c00000, 0x00000000e5c00000| Untracked 
|  93|0x00000000e5d00000, 0x00000000e5d00000, 0x00000000e5e00000|  0%| F|  |TAMS 0x00000000e5d00000, 0x00000000e5d00000| Untracked 
|  94|0x00000000e5e00000, 0x00000000e5e00000, 0x00000000e5f00000|  0%| F|  |TAMS 0x00000000e5e00000, 0x00000000e5e00000| Untracked 
|  95|0x00000000e5f00000, 0x00000000e5f00000, 0x00000000e6000000|  0%| F|  |TAMS 0x00000000e5f00000, 0x00000000e5f00000| Untracked 
|  96|0x00000000e6000000, 0x00000000e6000000, 0x00000000e6100000|  0%| F|  |TAMS 0x00000000e6000000, 0x00000000e6000000| Untracked 
|  97|0x00000000e6100000, 0x00000000e6100000, 0x00000000e6200000|  0%| F|  |TAMS 0x00000000e6100000, 0x00000000e6100000| Untracked 
|  98|0x00000000e6200000, 0x00000000e6200000, 0x00000000e6300000|  0%| F|  |TAMS 0x00000000e6200000, 0x00000000e6200000| Untracked 
|  99|0x00000000e6300000, 0x00000000e6300000, 0x00000000e6400000|  0%| F|  |TAMS 0x00000000e6300000, 0x00000000e6300000| Untracked 
| 100|0x00000000e6400000, 0x00000000e6400000, 0x00000000e6500000|  0%| F|  |TAMS 0x00000000e6400000, 0x00000000e6400000| Untracked 
| 101|0x00000000e6500000, 0x00000000e6500000, 0x00000000e6600000|  0%| F|  |TAMS 0x00000000e6500000, 0x00000000e6500000| Untracked 
| 102|0x00000000e6600000, 0x00000000e6600000, 0x00000000e6700000|  0%| F|  |TAMS 0x00000000e6600000, 0x00000000e6600000| Untracked 
| 103|0x00000000e6700000, 0x00000000e6700000, 0x00000000e6800000|  0%| F|  |TAMS 0x00000000e6700000, 0x00000000e6700000| Untracked 
| 104|0x00000000e6800000, 0x00000000e6800000, 0x00000000e6900000|  0%| F|  |TAMS 0x00000000e6800000, 0x00000000e6800000| Untracked 
| 105|0x00000000e6900000, 0x00000000e6900000, 0x00000000e6a00000|  0%| F|  |TAMS 0x00000000e6900000, 0x00000000e6900000| Untracked 
| 106|0x00000000e6a00000, 0x00000000e6a00000, 0x00000000e6b00000|  0%| F|  |TAMS 0x00000000e6a00000, 0x00000000e6a00000| Untracked 
| 107|0x00000000e6b00000, 0x00000000e6b00000, 0x00000000e6c00000|  0%| F|  |TAMS 0x00000000e6b00000, 0x00000000e6b00000| Untracked 
| 108|0x00000000e6c00000, 0x00000000e6c00000, 0x00000000e6d00000|  0%| F|  |TAMS 0x00000000e6c00000, 0x00000000e6c00000| Untracked 
| 109|0x00000000e6d00000, 0x00000000e6d00000, 0x00000000e6e00000|  0%| F|  |TAMS 0x00000000e6d00000, 0x00000000e6d00000| Untracked 
| 110|0x00000000e6e00000, 0x00000000e6e00000, 0x00000000e6f00000|  0%| F|  |TAMS 0x00000000e6e00000, 0x00000000e6e00000| Untracked 
| 111|0x00000000e6f00000, 0x00000000e6f5f3f0, 0x00000000e7000000| 37%| S|CS|TAMS 0x00000000e6f00000, 0x00000000e6f00000| Complete 
| 112|0x00000000e7000000, 0x00000000e7100000, 0x00000000e7100000|100%| S|CS|TAMS 0x00000000e7000000, 0x00000000e7000000| Complete 
| 113|0x00000000e7100000, 0x00000000e7200000, 0x00000000e7200000|100%| S|CS|TAMS 0x00000000e7100000, 0x00000000e7100000| Complete 
| 114|0x00000000e7200000, 0x00000000e7300000, 0x00000000e7300000|100%| S|CS|TAMS 0x00000000e7200000, 0x00000000e7200000| Complete 
| 115|0x00000000e7300000, 0x00000000e7400000, 0x00000000e7400000|100%| S|CS|TAMS 0x00000000e7300000, 0x00000000e7300000| Complete 
| 116|0x00000000e7400000, 0x00000000e7500000, 0x00000000e7500000|100%| S|CS|TAMS 0x00000000e7400000, 0x00000000e7400000| Complete 
| 117|0x00000000e7500000, 0x00000000e7600000, 0x00000000e7600000|100%| S|CS|TAMS 0x00000000e7500000, 0x00000000e7500000| Complete 
| 118|0x00000000e7600000, 0x00000000e7700000, 0x00000000e7700000|100%| S|CS|TAMS 0x00000000e7600000, 0x00000000e7600000| Complete 
| 119|0x00000000e7700000, 0x00000000e7800000, 0x00000000e7800000|100%| S|CS|TAMS 0x00000000e7700000, 0x00000000e7700000| Complete 
| 120|0x00000000e7800000, 0x00000000e7800000, 0x00000000e7900000|  0%| F|  |TAMS 0x00000000e7800000, 0x00000000e7800000| Untracked 
| 121|0x00000000e7900000, 0x00000000e7900000, 0x00000000e7a00000|  0%| F|  |TAMS 0x00000000e7900000, 0x00000000e7900000| Untracked 
| 122|0x00000000e7a00000, 0x00000000e7a00000, 0x00000000e7b00000|  0%| F|  |TAMS 0x00000000e7a00000, 0x00000000e7a00000| Untracked 
| 123|0x00000000e7b00000, 0x00000000e7b00000, 0x00000000e7c00000|  0%| F|  |TAMS 0x00000000e7b00000, 0x00000000e7b00000| Untracked 
| 124|0x00000000e7c00000, 0x00000000e7c00000, 0x00000000e7d00000|  0%| F|  |TAMS 0x00000000e7c00000, 0x00000000e7c00000| Untracked 
| 125|0x00000000e7d00000, 0x00000000e7d00000, 0x00000000e7e00000|  0%| F|  |TAMS 0x00000000e7d00000, 0x00000000e7d00000| Untracked 
| 126|0x00000000e7e00000, 0x00000000e7e00000, 0x00000000e7f00000|  0%| F|  |TAMS 0x00000000e7e00000, 0x00000000e7e00000| Untracked 
| 127|0x00000000e7f00000, 0x00000000e7f00000, 0x00000000e8000000|  0%| F|  |TAMS 0x00000000e7f00000, 0x00000000e7f00000| Untracked 
| 128|0x00000000e8000000, 0x00000000e8000000, 0x00000000e8100000|  0%| F|  |TAMS 0x00000000e8000000, 0x00000000e8000000| Untracked 
| 129|0x00000000e8100000, 0x00000000e8100000, 0x00000000e8200000|  0%| F|  |TAMS 0x00000000e8100000, 0x00000000e8100000| Untracked 
| 130|0x00000000e8200000, 0x00000000e8200000, 0x00000000e8300000|  0%| F|  |TAMS 0x00000000e8200000, 0x00000000e8200000| Untracked 
| 131|0x00000000e8300000, 0x00000000e8300000, 0x00000000e8400000|  0%| F|  |TAMS 0x00000000e8300000, 0x00000000e8300000| Untracked 
| 132|0x00000000e8400000, 0x00000000e8400000, 0x00000000e8500000|  0%| F|  |TAMS 0x00000000e8400000, 0x00000000e8400000| Untracked 
| 133|0x00000000e8500000, 0x00000000e8500000, 0x00000000e8600000|  0%| F|  |TAMS 0x00000000e8500000, 0x00000000e8500000| Untracked 
| 134|0x00000000e8600000, 0x00000000e8600000, 0x00000000e8700000|  0%| F|  |TAMS 0x00000000e8600000, 0x00000000e8600000| Untracked 
| 135|0x00000000e8700000, 0x00000000e8700000, 0x00000000e8800000|  0%| F|  |TAMS 0x00000000e8700000, 0x00000000e8700000| Untracked 
| 136|0x00000000e8800000, 0x00000000e8800000, 0x00000000e8900000|  0%| F|  |TAMS 0x00000000e8800000, 0x00000000e8800000| Untracked 
| 137|0x00000000e8900000, 0x00000000e8900000, 0x00000000e8a00000|  0%| F|  |TAMS 0x00000000e8900000, 0x00000000e8900000| Untracked 
| 138|0x00000000e8a00000, 0x00000000e8a00000, 0x00000000e8b00000|  0%| F|  |TAMS 0x00000000e8a00000, 0x00000000e8a00000| Untracked 
| 139|0x00000000e8b00000, 0x00000000e8b00000, 0x00000000e8c00000|  0%| F|  |TAMS 0x00000000e8b00000, 0x00000000e8b00000| Untracked 
| 140|0x00000000e8c00000, 0x00000000e8c00000, 0x00000000e8d00000|  0%| F|  |TAMS 0x00000000e8c00000, 0x00000000e8c00000| Untracked 
| 141|0x00000000e8d00000, 0x00000000e8d00000, 0x00000000e8e00000|  0%| F|  |TAMS 0x00000000e8d00000, 0x00000000e8d00000| Untracked 
| 142|0x00000000e8e00000, 0x00000000e8e00000, 0x00000000e8f00000|  0%| F|  |TAMS 0x00000000e8e00000, 0x00000000e8e00000| Untracked 
| 143|0x00000000e8f00000, 0x00000000e8f00000, 0x00000000e9000000|  0%| F|  |TAMS 0x00000000e8f00000, 0x00000000e8f00000| Untracked 
| 144|0x00000000e9000000, 0x00000000e9000000, 0x00000000e9100000|  0%| F|  |TAMS 0x00000000e9000000, 0x00000000e9000000| Untracked 
| 145|0x00000000e9100000, 0x00000000e9100000, 0x00000000e9200000|  0%| F|  |TAMS 0x00000000e9100000, 0x00000000e9100000| Untracked 
| 146|0x00000000e9200000, 0x00000000e9200000, 0x00000000e9300000|  0%| F|  |TAMS 0x00000000e9200000, 0x00000000e9200000| Untracked 
| 147|0x00000000e9300000, 0x00000000e9300000, 0x00000000e9400000|  0%| F|  |TAMS 0x00000000e9300000, 0x00000000e9300000| Untracked 
| 148|0x00000000e9400000, 0x00000000e9400000, 0x00000000e9500000|  0%| F|  |TAMS 0x00000000e9400000, 0x00000000e9400000| Untracked 
| 149|0x00000000e9500000, 0x00000000e9500000, 0x00000000e9600000|  0%| F|  |TAMS 0x00000000e9500000, 0x00000000e9500000| Untracked 
| 150|0x00000000e9600000, 0x00000000e9600000, 0x00000000e9700000|  0%| F|  |TAMS 0x00000000e9600000, 0x00000000e9600000| Untracked 
| 151|0x00000000e9700000, 0x00000000e9700000, 0x00000000e9800000|  0%| F|  |TAMS 0x00000000e9700000, 0x00000000e9700000| Untracked 
| 152|0x00000000e9800000, 0x00000000e9800000, 0x00000000e9900000|  0%| F|  |TAMS 0x00000000e9800000, 0x00000000e9800000| Untracked 
| 153|0x00000000e9900000, 0x00000000e9900000, 0x00000000e9a00000|  0%| F|  |TAMS 0x00000000e9900000, 0x00000000e9900000| Untracked 
| 154|0x00000000e9a00000, 0x00000000e9a00000, 0x00000000e9b00000|  0%| F|  |TAMS 0x00000000e9a00000, 0x00000000e9a00000| Untracked 
| 155|0x00000000e9b00000, 0x00000000e9b00000, 0x00000000e9c00000|  0%| F|  |TAMS 0x00000000e9b00000, 0x00000000e9b00000| Untracked 
| 156|0x00000000e9c00000, 0x00000000e9c00000, 0x00000000e9d00000|  0%| F|  |TAMS 0x00000000e9c00000, 0x00000000e9c00000| Untracked 
| 157|0x00000000e9d00000, 0x00000000e9d00000, 0x00000000e9e00000|  0%| F|  |TAMS 0x00000000e9d00000, 0x00000000e9d00000| Untracked 
| 158|0x00000000e9e00000, 0x00000000e9e00000, 0x00000000e9f00000|  0%| F|  |TAMS 0x00000000e9e00000, 0x00000000e9e00000| Untracked 
| 159|0x00000000e9f00000, 0x00000000e9f00000, 0x00000000ea000000|  0%| F|  |TAMS 0x00000000e9f00000, 0x00000000e9f00000| Untracked 
| 160|0x00000000ea000000, 0x00000000ea000000, 0x00000000ea100000|  0%| F|  |TAMS 0x00000000ea000000, 0x00000000ea000000| Untracked 
| 161|0x00000000ea100000, 0x00000000ea100000, 0x00000000ea200000|  0%| F|  |TAMS 0x00000000ea100000, 0x00000000ea100000| Untracked 
| 162|0x00000000ea200000, 0x00000000ea200000, 0x00000000ea300000|  0%| F|  |TAMS 0x00000000ea200000, 0x00000000ea200000| Untracked 
| 163|0x00000000ea300000, 0x00000000ea300000, 0x00000000ea400000|  0%| F|  |TAMS 0x00000000ea300000, 0x00000000ea300000| Untracked 
| 164|0x00000000ea400000, 0x00000000ea400000, 0x00000000ea500000|  0%| F|  |TAMS 0x00000000ea400000, 0x00000000ea400000| Untracked 
| 165|0x00000000ea500000, 0x00000000ea500000, 0x00000000ea600000|  0%| F|  |TAMS 0x00000000ea500000, 0x00000000ea500000| Untracked 
| 166|0x00000000ea600000, 0x00000000ea600000, 0x00000000ea700000|  0%| F|  |TAMS 0x00000000ea600000, 0x00000000ea600000| Untracked 
| 167|0x00000000ea700000, 0x00000000ea700000, 0x00000000ea800000|  0%| F|  |TAMS 0x00000000ea700000, 0x00000000ea700000| Untracked 
| 168|0x00000000ea800000, 0x00000000ea800000, 0x00000000ea900000|  0%| F|  |TAMS 0x00000000ea800000, 0x00000000ea800000| Untracked 
| 169|0x00000000ea900000, 0x00000000ea900000, 0x00000000eaa00000|  0%| F|  |TAMS 0x00000000ea900000, 0x00000000ea900000| Untracked 
| 170|0x00000000eaa00000, 0x00000000eaa00000, 0x00000000eab00000|  0%| F|  |TAMS 0x00000000eaa00000, 0x00000000eaa00000| Untracked 
| 171|0x00000000eab00000, 0x00000000eab00000, 0x00000000eac00000|  0%| F|  |TAMS 0x00000000eab00000, 0x00000000eab00000| Untracked 
| 172|0x00000000eac00000, 0x00000000eac00000, 0x00000000ead00000|  0%| F|  |TAMS 0x00000000eac00000, 0x00000000eac00000| Untracked 
| 173|0x00000000ead00000, 0x00000000ead00000, 0x00000000eae00000|  0%| F|  |TAMS 0x00000000ead00000, 0x00000000ead00000| Untracked 
| 174|0x00000000eae00000, 0x00000000eae00000, 0x00000000eaf00000|  0%| F|  |TAMS 0x00000000eae00000, 0x00000000eae00000| Untracked 
| 175|0x00000000eaf00000, 0x00000000eaf00000, 0x00000000eb000000|  0%| F|  |TAMS 0x00000000eaf00000, 0x00000000eaf00000| Untracked 
| 176|0x00000000eb000000, 0x00000000eb000000, 0x00000000eb100000|  0%| F|  |TAMS 0x00000000eb000000, 0x00000000eb000000| Untracked 
| 177|0x00000000eb100000, 0x00000000eb100000, 0x00000000eb200000|  0%| F|  |TAMS 0x00000000eb100000, 0x00000000eb100000| Untracked 
| 178|0x00000000eb200000, 0x00000000eb200000, 0x00000000eb300000|  0%| F|  |TAMS 0x00000000eb200000, 0x00000000eb200000| Untracked 
| 179|0x00000000eb300000, 0x00000000eb300000, 0x00000000eb400000|  0%| F|  |TAMS 0x00000000eb300000, 0x00000000eb300000| Untracked 
| 180|0x00000000eb400000, 0x00000000eb400000, 0x00000000eb500000|  0%| F|  |TAMS 0x00000000eb400000, 0x00000000eb400000| Untracked 
| 181|0x00000000eb500000, 0x00000000eb500000, 0x00000000eb600000|  0%| F|  |TAMS 0x00000000eb500000, 0x00000000eb500000| Untracked 
| 182|0x00000000eb600000, 0x00000000eb600000, 0x00000000eb700000|  0%| F|  |TAMS 0x00000000eb600000, 0x00000000eb600000| Untracked 
| 183|0x00000000eb700000, 0x00000000eb700000, 0x00000000eb800000|  0%| F|  |TAMS 0x00000000eb700000, 0x00000000eb700000| Untracked 
| 184|0x00000000eb800000, 0x00000000eb800000, 0x00000000eb900000|  0%| F|  |TAMS 0x00000000eb800000, 0x00000000eb800000| Untracked 
| 185|0x00000000eb900000, 0x00000000eb900000, 0x00000000eba00000|  0%| F|  |TAMS 0x00000000eb900000, 0x00000000eb900000| Untracked 
| 186|0x00000000eba00000, 0x00000000eba00000, 0x00000000ebb00000|  0%| F|  |TAMS 0x00000000eba00000, 0x00000000eba00000| Untracked 
| 187|0x00000000ebb00000, 0x00000000ebb00000, 0x00000000ebc00000|  0%| F|  |TAMS 0x00000000ebb00000, 0x00000000ebb00000| Untracked 
| 188|0x00000000ebc00000, 0x00000000ebc00000, 0x00000000ebd00000|  0%| F|  |TAMS 0x00000000ebc00000, 0x00000000ebc00000| Untracked 
| 189|0x00000000ebd00000, 0x00000000ebd00000, 0x00000000ebe00000|  0%| F|  |TAMS 0x00000000ebd00000, 0x00000000ebd00000| Untracked 
| 190|0x00000000ebe00000, 0x00000000ebe00000, 0x00000000ebf00000|  0%| F|  |TAMS 0x00000000ebe00000, 0x00000000ebe00000| Untracked 
| 191|0x00000000ebf00000, 0x00000000ebf00000, 0x00000000ec000000|  0%| F|  |TAMS 0x00000000ebf00000, 0x00000000ebf00000| Untracked 
| 192|0x00000000ec000000, 0x00000000ec000000, 0x00000000ec100000|  0%| F|  |TAMS 0x00000000ec000000, 0x00000000ec000000| Untracked 
| 193|0x00000000ec100000, 0x00000000ec100000, 0x00000000ec200000|  0%| F|  |TAMS 0x00000000ec100000, 0x00000000ec100000| Untracked 
| 194|0x00000000ec200000, 0x00000000ec200000, 0x00000000ec300000|  0%| F|  |TAMS 0x00000000ec200000, 0x00000000ec200000| Untracked 
| 195|0x00000000ec300000, 0x00000000ec300000, 0x00000000ec400000|  0%| F|  |TAMS 0x00000000ec300000, 0x00000000ec300000| Untracked 
| 196|0x00000000ec400000, 0x00000000ec400000, 0x00000000ec500000|  0%| F|  |TAMS 0x00000000ec400000, 0x00000000ec400000| Untracked 
| 197|0x00000000ec500000, 0x00000000ec500000, 0x00000000ec600000|  0%| F|  |TAMS 0x00000000ec500000, 0x00000000ec500000| Untracked 
| 198|0x00000000ec600000, 0x00000000ec600000, 0x00000000ec700000|  0%| F|  |TAMS 0x00000000ec600000, 0x00000000ec600000| Untracked 
| 199|0x00000000ec700000, 0x00000000ec700000, 0x00000000ec800000|  0%| F|  |TAMS 0x00000000ec700000, 0x00000000ec700000| Untracked 
| 200|0x00000000ec800000, 0x00000000ec800000, 0x00000000ec900000|  0%| F|  |TAMS 0x00000000ec800000, 0x00000000ec800000| Untracked 
| 201|0x00000000ec900000, 0x00000000ec900000, 0x00000000eca00000|  0%| F|  |TAMS 0x00000000ec900000, 0x00000000ec900000| Untracked 
| 202|0x00000000eca00000, 0x00000000eca00000, 0x00000000ecb00000|  0%| F|  |TAMS 0x00000000eca00000, 0x00000000eca00000| Untracked 
| 203|0x00000000ecb00000, 0x00000000ecb00000, 0x00000000ecc00000|  0%| F|  |TAMS 0x00000000ecb00000, 0x00000000ecb00000| Untracked 
| 204|0x00000000ecc00000, 0x00000000ecc00000, 0x00000000ecd00000|  0%| F|  |TAMS 0x00000000ecc00000, 0x00000000ecc00000| Untracked 
| 205|0x00000000ecd00000, 0x00000000ecd00000, 0x00000000ece00000|  0%| F|  |TAMS 0x00000000ecd00000, 0x00000000ecd00000| Untracked 
| 206|0x00000000ece00000, 0x00000000ece00000, 0x00000000ecf00000|  0%| F|  |TAMS 0x00000000ece00000, 0x00000000ece00000| Untracked 
| 207|0x00000000ecf00000, 0x00000000ecf00000, 0x00000000ed000000|  0%| F|  |TAMS 0x00000000ecf00000, 0x00000000ecf00000| Untracked 
| 208|0x00000000ed000000, 0x00000000ed000000, 0x00000000ed100000|  0%| F|  |TAMS 0x00000000ed000000, 0x00000000ed000000| Untracked 
| 209|0x00000000ed100000, 0x00000000ed100000, 0x00000000ed200000|  0%| F|  |TAMS 0x00000000ed100000, 0x00000000ed100000| Untracked 
| 210|0x00000000ed200000, 0x00000000ed200000, 0x00000000ed300000|  0%| F|  |TAMS 0x00000000ed200000, 0x00000000ed200000| Untracked 
| 211|0x00000000ed300000, 0x00000000ed300000, 0x00000000ed400000|  0%| F|  |TAMS 0x00000000ed300000, 0x00000000ed300000| Untracked 
| 212|0x00000000ed400000, 0x00000000ed400000, 0x00000000ed500000|  0%| F|  |TAMS 0x00000000ed400000, 0x00000000ed400000| Untracked 
| 213|0x00000000ed500000, 0x00000000ed500000, 0x00000000ed600000|  0%| F|  |TAMS 0x00000000ed500000, 0x00000000ed500000| Untracked 
| 214|0x00000000ed600000, 0x00000000ed600000, 0x00000000ed700000|  0%| F|  |TAMS 0x00000000ed600000, 0x00000000ed600000| Untracked 
| 215|0x00000000ed700000, 0x00000000ed700000, 0x00000000ed800000|  0%| F|  |TAMS 0x00000000ed700000, 0x00000000ed700000| Untracked 
| 216|0x00000000ed800000, 0x00000000ed800000, 0x00000000ed900000|  0%| F|  |TAMS 0x00000000ed800000, 0x00000000ed800000| Untracked 
| 217|0x00000000ed900000, 0x00000000ed900000, 0x00000000eda00000|  0%| F|  |TAMS 0x00000000ed900000, 0x00000000ed900000| Untracked 
| 218|0x00000000eda00000, 0x00000000eda00000, 0x00000000edb00000|  0%| F|  |TAMS 0x00000000eda00000, 0x00000000eda00000| Untracked 
| 219|0x00000000edb00000, 0x00000000edb00000, 0x00000000edc00000|  0%| F|  |TAMS 0x00000000edb00000, 0x00000000edb00000| Untracked 
| 220|0x00000000edc00000, 0x00000000edc00000, 0x00000000edd00000|  0%| F|  |TAMS 0x00000000edc00000, 0x00000000edc00000| Untracked 
| 221|0x00000000edd00000, 0x00000000edd00000, 0x00000000ede00000|  0%| F|  |TAMS 0x00000000edd00000, 0x00000000edd00000| Untracked 
| 222|0x00000000ede00000, 0x00000000ede00000, 0x00000000edf00000|  0%| F|  |TAMS 0x00000000ede00000, 0x00000000ede00000| Untracked 
| 223|0x00000000edf00000, 0x00000000edf00000, 0x00000000ee000000|  0%| F|  |TAMS 0x00000000edf00000, 0x00000000edf00000| Untracked 
| 224|0x00000000ee000000, 0x00000000ee000000, 0x00000000ee100000|  0%| F|  |TAMS 0x00000000ee000000, 0x00000000ee000000| Untracked 
| 225|0x00000000ee100000, 0x00000000ee100000, 0x00000000ee200000|  0%| F|  |TAMS 0x00000000ee100000, 0x00000000ee100000| Untracked 
| 226|0x00000000ee200000, 0x00000000ee200000, 0x00000000ee300000|  0%| F|  |TAMS 0x00000000ee200000, 0x00000000ee200000| Untracked 
| 227|0x00000000ee300000, 0x00000000ee300000, 0x00000000ee400000|  0%| F|  |TAMS 0x00000000ee300000, 0x00000000ee300000| Untracked 
| 228|0x00000000ee400000, 0x00000000ee400000, 0x00000000ee500000|  0%| F|  |TAMS 0x00000000ee400000, 0x00000000ee400000| Untracked 
| 229|0x00000000ee500000, 0x00000000ee500000, 0x00000000ee600000|  0%| F|  |TAMS 0x00000000ee500000, 0x00000000ee500000| Untracked 
| 230|0x00000000ee600000, 0x00000000ee600000, 0x00000000ee700000|  0%| F|  |TAMS 0x00000000ee600000, 0x00000000ee600000| Untracked 
| 231|0x00000000ee700000, 0x00000000ee700000, 0x00000000ee800000|  0%| F|  |TAMS 0x00000000ee700000, 0x00000000ee700000| Untracked 
| 232|0x00000000ee800000, 0x00000000ee800000, 0x00000000ee900000|  0%| F|  |TAMS 0x00000000ee800000, 0x00000000ee800000| Untracked 
| 233|0x00000000ee900000, 0x00000000ee900000, 0x00000000eea00000|  0%| F|  |TAMS 0x00000000ee900000, 0x00000000ee900000| Untracked 
| 234|0x00000000eea00000, 0x00000000eea00000, 0x00000000eeb00000|  0%| F|  |TAMS 0x00000000eea00000, 0x00000000eea00000| Untracked 
| 235|0x00000000eeb00000, 0x00000000eeb00000, 0x00000000eec00000|  0%| F|  |TAMS 0x00000000eeb00000, 0x00000000eeb00000| Untracked 
| 236|0x00000000eec00000, 0x00000000eec00000, 0x00000000eed00000|  0%| F|  |TAMS 0x00000000eec00000, 0x00000000eec00000| Untracked 
| 237|0x00000000eed00000, 0x00000000eed00000, 0x00000000eee00000|  0%| F|  |TAMS 0x00000000eed00000, 0x00000000eed00000| Untracked 
| 238|0x00000000eee00000, 0x00000000eee00000, 0x00000000eef00000|  0%| F|  |TAMS 0x00000000eee00000, 0x00000000eee00000| Untracked 
| 239|0x00000000eef00000, 0x00000000eef00000, 0x00000000ef000000|  0%| F|  |TAMS 0x00000000eef00000, 0x00000000eef00000| Untracked 
| 240|0x00000000ef000000, 0x00000000ef000000, 0x00000000ef100000|  0%| F|  |TAMS 0x00000000ef000000, 0x00000000ef000000| Untracked 
| 241|0x00000000ef100000, 0x00000000ef100000, 0x00000000ef200000|  0%| F|  |TAMS 0x00000000ef100000, 0x00000000ef100000| Untracked 
| 242|0x00000000ef200000, 0x00000000ef200000, 0x00000000ef300000|  0%| F|  |TAMS 0x00000000ef200000, 0x00000000ef200000| Untracked 
| 243|0x00000000ef300000, 0x00000000ef300000, 0x00000000ef400000|  0%| F|  |TAMS 0x00000000ef300000, 0x00000000ef300000| Untracked 
| 244|0x00000000ef400000, 0x00000000ef400000, 0x00000000ef500000|  0%| F|  |TAMS 0x00000000ef400000, 0x00000000ef400000| Untracked 
| 245|0x00000000ef500000, 0x00000000ef580800, 0x00000000ef600000| 50%| E|  |TAMS 0x00000000ef500000, 0x00000000ef500000| Complete 
| 246|0x00000000ef600000, 0x00000000ef700000, 0x00000000ef700000|100%| E|CS|TAMS 0x00000000ef600000, 0x00000000ef600000| Complete 
| 247|0x00000000ef700000, 0x00000000ef800000, 0x00000000ef800000|100%| E|CS|TAMS 0x00000000ef700000, 0x00000000ef700000| Complete 
| 248|0x00000000ef800000, 0x00000000ef900000, 0x00000000ef900000|100%| E|CS|TAMS 0x00000000ef800000, 0x00000000ef800000| Complete 
| 249|0x00000000ef900000, 0x00000000efa00000, 0x00000000efa00000|100%| E|CS|TAMS 0x00000000ef900000, 0x00000000ef900000| Complete 
| 250|0x00000000efa00000, 0x00000000efb00000, 0x00000000efb00000|100%| E|CS|TAMS 0x00000000efa00000, 0x00000000efa00000| Complete 
| 251|0x00000000efb00000, 0x00000000efc00000, 0x00000000efc00000|100%| E|CS|TAMS 0x00000000efb00000, 0x00000000efb00000| Complete 
| 252|0x00000000efc00000, 0x00000000efd00000, 0x00000000efd00000|100%| E|CS|TAMS 0x00000000efc00000, 0x00000000efc00000| Complete 
| 253|0x00000000efd00000, 0x00000000efe00000, 0x00000000efe00000|100%| E|CS|TAMS 0x00000000efd00000, 0x00000000efd00000| Complete 
| 254|0x00000000efe00000, 0x00000000eff00000, 0x00000000eff00000|100%| E|CS|TAMS 0x00000000efe00000, 0x00000000efe00000| Complete 
| 255|0x00000000eff00000, 0x00000000f0000000, 0x00000000f0000000|100%| E|CS|TAMS 0x00000000eff00000, 0x00000000eff00000| Complete 

Card table byte_map: [0x000001ec617f0000,0x000001ec618f0000] _byte_map_base: 0x000001ec610f0000

Marking Bits (Prev, Next): (CMBitMap*) 0x000001ec4c7bd560, (CMBitMap*) 0x000001ec4c7bd5a0
 Prev Bits: [0x000001ec619f0000, 0x000001ec621f0000)
 Next Bits: [0x000001ec621f0000, 0x000001ec629f0000)

Polling page: 0x000001ec51700000

Metaspace:

Usage:
  Non-class:     48.83 MB used.
      Class:      7.48 MB used.
       Both:     56.32 MB used.

Virtual space:
  Non-class space:       64.00 MB reserved,      49.12 MB ( 77%) committed,  1 nodes.
      Class space:      208.00 MB reserved,       7.75 MB (  4%) committed,  1 nodes.
             Both:      272.00 MB reserved,      56.88 MB ( 21%) committed. 

Chunk freelists:
   Non-Class:  14.16 MB
       Class:  8.30 MB
        Both:  22.45 MB

MaxMetaspaceSize: 256.00 MB
CompressedClassSpaceSize: 208.00 MB
Initial GC threshold: 21.00 MB
Current GC threshold: 58.69 MB
CDS: off
MetaspaceReclaimPolicy: balanced
 - commit_granule_bytes: 65536.
 - commit_granule_words: 8192.
 - virtual_space_node_default_size: 8388608.
 - enlarge_chunks_in_place: 1.
 - new_chunks_are_fully_committed: 0.
 - uncommit_free_chunks: 1.
 - use_allocation_guard: 0.
 - handle_deallocations: 1.


Internal statistics:

num_allocs_failed_limit: 6.
num_arena_births: 526.
num_arena_deaths: 0.
num_vsnodes_births: 2.
num_vsnodes_deaths: 0.
num_space_committed: 910.
num_space_uncommitted: 0.
num_chunks_returned_to_freelist: 6.
num_chunks_taken_from_freelist: 2361.
num_chunk_merges: 6.
num_chunk_splits: 1598.
num_chunks_enlarged: 1152.
num_inconsistent_stats: 0.

CodeHeap 'non-profiled nmethods': size=119168Kb used=2369Kb max_used=2937Kb free=116798Kb
 bounds [0x000001ec592c0000, 0x000001ec595a0000, 0x000001ec60720000]
CodeHeap 'profiled nmethods': size=119104Kb used=10869Kb max_used=11733Kb free=108234Kb
 bounds [0x000001ec51720000, 0x000001ec522a0000, 0x000001ec58b70000]
CodeHeap 'non-nmethods': size=7488Kb used=4025Kb max_used=4081Kb free=3462Kb
 bounds [0x000001ec58b70000, 0x000001ec58f90000, 0x000001ec592c0000]
 total_blobs=6602 nmethods=5741 adapters=770
 compilation: enabled
              stopped_count=0, restarted_count=0
 full_count=0

Compilation events (20 events):
Event: 6.284 Thread 0x000001ec65b97150 6412       3       org.gradle.model.internal.asm.MethodVisitorScope::_RETURN (8 bytes)
Event: 6.284 Thread 0x000001ec65b97150 nmethod 6412 0x000001ec519d8e90 code [0x000001ec519d9040, 0x000001ec519d92a8]
Event: 6.284 Thread 0x000001ec65b97150 6413       3       sun.reflect.generics.scope.AbstractScope::lookup (66 bytes)
Event: 6.284 Thread 0x000001ec65b97150 nmethod 6413 0x000001ec519d8210 code [0x000001ec519d8420, 0x000001ec519d8c08]
Event: 6.285 Thread 0x000001ec65b97150 6414       3       com.google.common.collect.Lists::newArrayList (8 bytes)
Event: 6.286 Thread 0x000001ec65d33480 6415       1       org.gradle.api.internal.collections.AbstractIterationOrderRetainingElementSource$Element::isRealized (5 bytes)
Event: 6.286 Thread 0x000001ec65d33480 nmethod 6415 0x000001ec593b9490 code [0x000001ec593b9620, 0x000001ec593b96f8]
Event: 6.286 Thread 0x000001ec65b97150 nmethod 6414 0x000001ec51d89f10 code [0x000001ec51d8a0c0, 0x000001ec51d8a3d8]
Event: 6.286 Thread 0x000001ec65d33480 6416       1       org.gradle.api.internal.artifacts.DefaultModuleIdentifier::getName (5 bytes)
Event: 6.286 Thread 0x000001ec65d33480 nmethod 6416 0x000001ec593b9190 code [0x000001ec593b9320, 0x000001ec593b93f8]
Event: 6.286 Thread 0x000001ec6b78c050 6417       3       com.google.common.collect.Iterators::singletonIterator (9 bytes)
Event: 6.286 Thread 0x000001ec65cc0680 6418       3       com.google.common.collect.Iterators$9::<init> (10 bytes)
Event: 6.286 Thread 0x000001ec65d33480 6419       3       com.google.common.collect.Iterators$9::next (25 bytes)
Event: 6.286 Thread 0x000001ec65b97150 6420       1       org.gradle.api.attributes.Attribute::getType (5 bytes)
Event: 6.287 Thread 0x000001ec65b97150 nmethod 6420 0x000001ec593b8e90 code [0x000001ec593b9020, 0x000001ec593b90f8]
Event: 6.287 Thread 0x000001ec65b97150 6421       3       org.gradle.api.attributes.Attribute::equals (57 bytes)
Event: 6.287 Thread 0x000001ec65cc0680 nmethod 6418 0x000001ec51d89a10 code [0x000001ec51d89bc0, 0x000001ec51d89dd8]
Event: 6.287 Thread 0x000001ec6b78c050 nmethod 6417 0x000001ec51d89490 code [0x000001ec51d89640, 0x000001ec51d898f8]
Event: 6.287 Thread 0x000001ec65d33480 nmethod 6419 0x000001ec51ad7910 code [0x000001ec51ad7ac0, 0x000001ec51ad7ce8]
Event: 6.287 Thread 0x000001ec65b97150 nmethod 6421 0x000001ec51ad7010 code [0x000001ec51ad7200, 0x000001ec51ad7748]

GC Heap History (14 events):
Event: 0.534 GC heap before
{Heap before GC invocations=0 (full 0):
 garbage-first heap   total 262144K, used 28672K [0x00000000e0000000, 0x0000000100000000)
  region size 1024K, 23 young (23552K), 0 survivors (0K)
 Metaspace       used 10313K, committed 10496K, reserved 278528K
  class space    used 1062K, committed 1152K, reserved 212992K
}
Event: 0.537 GC heap after
{Heap after GC invocations=1 (full 0):
 garbage-first heap   total 262144K, used 9251K [0x00000000e0000000, 0x0000000100000000)
  region size 1024K, 3 young (3072K), 3 survivors (3072K)
 Metaspace       used 10313K, committed 10496K, reserved 278528K
  class space    used 1062K, committed 1152K, reserved 212992K
}
Event: 0.821 GC heap before
{Heap before GC invocations=1 (full 0):
 garbage-first heap   total 262144K, used 37923K [0x00000000e0000000, 0x0000000100000000)
  region size 1024K, 30 young (30720K), 3 survivors (3072K)
 Metaspace       used 11262K, committed 11456K, reserved 278528K
  class space    used 1165K, committed 1280K, reserved 212992K
}
Event: 0.824 GC heap after
{Heap after GC invocations=2 (full 0):
 garbage-first heap   total 262144K, used 12929K [0x00000000e0000000, 0x0000000100000000)
  region size 1024K, 3 young (3072K), 3 survivors (3072K)
 Metaspace       used 11262K, committed 11456K, reserved 278528K
  class space    used 1165K, committed 1280K, reserved 212992K
}
Event: 2.566 GC heap before
{Heap before GC invocations=2 (full 0):
 garbage-first heap   total 262144K, used 54913K [0x00000000e0000000, 0x0000000100000000)
  region size 1024K, 45 young (46080K), 3 survivors (3072K)
 Metaspace       used 21237K, committed 21504K, reserved 278528K
  class space    used 2532K, committed 2688K, reserved 212992K
}
Event: 2.570 GC heap after
{Heap after GC invocations=3 (full 0):
 garbage-first heap   total 262144K, used 18225K [0x00000000e0000000, 0x0000000100000000)
  region size 1024K, 9 young (9216K), 9 survivors (9216K)
 Metaspace       used 21237K, committed 21504K, reserved 278528K
  class space    used 2532K, committed 2688K, reserved 212992K
}
Event: 3.478 GC heap before
{Heap before GC invocations=4 (full 0):
 garbage-first heap   total 262144K, used 85809K [0x00000000e0000000, 0x0000000100000000)
  region size 1024K, 75 young (76800K), 9 survivors (9216K)
 Metaspace       used 31707K, committed 32064K, reserved 278528K
  class space    used 4301K, committed 4480K, reserved 212992K
}
Event: 3.483 GC heap after
{Heap after GC invocations=5 (full 0):
 garbage-first heap   total 262144K, used 21949K [0x00000000e0000000, 0x0000000100000000)
  region size 1024K, 4 young (4096K), 4 survivors (4096K)
 Metaspace       used 31707K, committed 32064K, reserved 278528K
  class space    used 4301K, committed 4480K, reserved 212992K
}
Event: 3.767 GC heap before
{Heap before GC invocations=5 (full 0):
 garbage-first heap   total 262144K, used 43453K [0x00000000e0000000, 0x0000000100000000)
  region size 1024K, 26 young (26624K), 4 survivors (4096K)
 Metaspace       used 35664K, committed 35968K, reserved 278528K
  class space    used 4837K, committed 4928K, reserved 212992K
}
Event: 3.770 GC heap after
{Heap after GC invocations=6 (full 0):
 garbage-first heap   total 262144K, used 23480K [0x00000000e0000000, 0x0000000100000000)
  region size 1024K, 6 young (6144K), 6 survivors (6144K)
 Metaspace       used 35664K, committed 35968K, reserved 278528K
  class space    used 4837K, committed 4928K, reserved 212992K
}
Event: 4.683 GC heap before
{Heap before GC invocations=7 (full 0):
 garbage-first heap   total 262144K, used 176056K [0x00000000e0000000, 0x0000000100000000)
  region size 1024K, 153 young (156672K), 6 survivors (6144K)
 Metaspace       used 44912K, committed 45248K, reserved 278528K
  class space    used 5908K, committed 6080K, reserved 212992K
}
Event: 4.691 GC heap after
{Heap after GC invocations=8 (full 0):
 garbage-first heap   total 262144K, used 34825K [0x00000000e0000000, 0x0000000100000000)
  region size 1024K, 17 young (17408K), 17 survivors (17408K)
 Metaspace       used 44912K, committed 45248K, reserved 278528K
  class space    used 5908K, committed 6080K, reserved 212992K
}
Event: 6.187 GC heap before
{Heap before GC invocations=8 (full 0):
 garbage-first heap   total 262144K, used 174089K [0x00000000e0000000, 0x0000000100000000)
  region size 1024K, 153 young (156672K), 17 survivors (17408K)
 Metaspace       used 56583K, committed 57088K, reserved 278528K
  class space    used 7498K, committed 7744K, reserved 212992K
}
Event: 6.196 GC heap after
{Heap after GC invocations=9 (full 0):
 garbage-first heap   total 262144K, used 40541K [0x00000000e0000000, 0x0000000100000000)
  region size 1024K, 9 young (9216K), 9 survivors (9216K)
 Metaspace       used 56583K, committed 57088K, reserved 278528K
  class space    used 7498K, committed 7744K, reserved 212992K
}

Dll operation events (3 events):
Event: 0.009 Loaded shared library C:\Users\mtriu\.jdks\jbrsdk-17.0.9\bin\java.dll
Event: 0.038 Loaded shared library C:\Users\mtriu\.jdks\jbrsdk-17.0.9\bin\jsvml.dll
Event: 0.317 Loaded shared library C:\Users\mtriu\.jdks\jbrsdk-17.0.9\bin\verify.dll

Deoptimization events (20 events):
Event: 5.988 Thread 0x000001ec6c15b2a0 Uncommon trap: trap_request=0xffffffbe fr.pc=0x000001ec59410d5c relative=0x00000000000004bc
Event: 5.988 Thread 0x000001ec6c15b2a0 Uncommon trap: reason=profile_predicate action=maybe_recompile pc=0x000001ec59410d5c method=com.google.common.base.CharMatcher.indexIn(Ljava/lang/CharSequence;I)I @ 19 c2
Event: 5.988 Thread 0x000001ec6c15b2a0 DEOPT PACKING pc=0x000001ec59410d5c sp=0x00000092993f9a40
Event: 5.988 Thread 0x000001ec6c15b2a0 DEOPT UNPACKING pc=0x000001ec58bc69a3 sp=0x00000092993f99e8 mode 2
Event: 5.988 Thread 0x000001ec6c15b2a0 Uncommon trap: trap_request=0xffffffbe fr.pc=0x000001ec59410d5c relative=0x00000000000004bc
Event: 5.988 Thread 0x000001ec6c15b2a0 Uncommon trap: reason=profile_predicate action=maybe_recompile pc=0x000001ec59410d5c method=com.google.common.base.CharMatcher.indexIn(Ljava/lang/CharSequence;I)I @ 19 c2
Event: 5.988 Thread 0x000001ec6c15b2a0 DEOPT PACKING pc=0x000001ec59410d5c sp=0x00000092993f99e0
Event: 5.989 Thread 0x000001ec6c15b2a0 DEOPT UNPACKING pc=0x000001ec58bc69a3 sp=0x00000092993f9988 mode 2
Event: 5.989 Thread 0x000001ec6c15b2a0 Uncommon trap: trap_request=0xffffffbe fr.pc=0x000001ec59410d5c relative=0x00000000000004bc
Event: 5.989 Thread 0x000001ec6c15b2a0 Uncommon trap: reason=profile_predicate action=maybe_recompile pc=0x000001ec59410d5c method=com.google.common.base.CharMatcher.indexIn(Ljava/lang/CharSequence;I)I @ 19 c2
Event: 5.989 Thread 0x000001ec6c15b2a0 DEOPT PACKING pc=0x000001ec59410d5c sp=0x00000092993f99e0
Event: 5.989 Thread 0x000001ec6c15b2a0 DEOPT UNPACKING pc=0x000001ec58bc69a3 sp=0x00000092993f9988 mode 2
Event: 6.081 Thread 0x000001ec6c15b2a0 DEOPT PACKING pc=0x000001ec51b0dad4 sp=0x00000092993f6bb0
Event: 6.081 Thread 0x000001ec6c15b2a0 DEOPT UNPACKING pc=0x000001ec58bc7143 sp=0x00000092993f6108 mode 0
Event: 6.258 Thread 0x000001ec6c15b2a0 DEOPT PACKING pc=0x000001ec517ecec3 sp=0x00000092993f7aa0
Event: 6.258 Thread 0x000001ec6c15b2a0 DEOPT UNPACKING pc=0x000001ec58bc7143 sp=0x00000092993f6fc0 mode 0
Event: 6.276 Thread 0x000001ec6c15b2a0 Uncommon trap: trap_request=0xffffff45 fr.pc=0x000001ec592c8950 relative=0x00000000000001b0
Event: 6.276 Thread 0x000001ec6c15b2a0 Uncommon trap: reason=unstable_if action=reinterpret pc=0x000001ec592c8950 method=java.util.ArrayDeque.addFirst(Ljava/lang/Object;)V @ 42 c2
Event: 6.276 Thread 0x000001ec6c15b2a0 DEOPT PACKING pc=0x000001ec592c8950 sp=0x00000092993f9750
Event: 6.276 Thread 0x000001ec6c15b2a0 DEOPT UNPACKING pc=0x000001ec58bc69a3 sp=0x00000092993f9700 mode 2

Classes unloaded (0 events):
No events

Classes redefined (0 events):
No events

Internal exceptions (20 events):
Event: 5.402 Thread 0x000001ec6c15b2a0 Exception <a 'java/lang/NoSuchMethodError'{0x00000000eb7d6928}: 'java.lang.Object java.lang.invoke.Invokers$Holder.invoker(java.lang.Object, java.lang.Object, java.lang.Object, java.lang.Object, java.lang.Object, java.lang.Object, java.lang.Object, java.lang.Object, java.lang.Object, java.lang.Object, java.lang.Object, java.lang.Object, java.lang.Object, java.lang.Object, java.lang.Object, java.lang.Object, java.lang.Object, java.lang.Object, java.lang.Object, java.lang.Object, java.lang.Object)'> (0x00000
Event: 5.402 Thread 0x000001ec6c15b2a0 Exception <a 'java/lang/NoSuchMethodError'{0x00000000eb7dd2e0}: 'java.lang.Object java.lang.invoke.DelegatingMethodHandle$Holder.delegate(java.lang.Object, java.lang.Object, java.lang.Object, java.lang.Object, java.lang.Object, java.lang.Object, java.lang.Object, java.lang.Object, java.lang.Object, java.lang.Object, java.lang.Object, java.lang.Object, java.lang.Object, java.lang.Object, java.lang.Object, java.lang.Object, java.lang.Object, java.lang.Object, java.lang.Object, java.lang.Object, java.lang.Obj
Event: 5.407 Thread 0x000001ec6c15b2a0 Exception <a 'java/lang/NoSuchMethodError'{0x00000000eb651908}: 'java.lang.Object java.lang.invoke.DirectMethodHandle$Holder.invokeStatic(java.lang.Object, java.lang.Object, java.lang.Object, java.lang.Object, java.lang.Object, java.lang.Object, java.lang.Object, java.lang.Object, java.lang.Object, java.lang.Object, java.lang.Object, java.lang.Object, java.lang.Object, java.lang.Object, java.lang.Object, java.lang.Object, java.lang.Object)'> (0x00000000eb651908) 
thrown [s\src\hotspot\share\interpreter\lin
Event: 5.409 Thread 0x000001ec6c15b2a0 Exception <a 'java/lang/NoSuchMethodError'{0x00000000eb6792b8}: 'java.lang.Object java.lang.invoke.DirectMethodHandle$Holder.invokeStatic(java.lang.Object, java.lang.Object, java.lang.Object, java.lang.Object, java.lang.Object, java.lang.Object, java.lang.Object, java.lang.Object, java.lang.Object, java.lang.Object, java.lang.Object, java.lang.Object, java.lang.Object, java.lang.Object, java.lang.Object, java.lang.Object, java.lang.Object, java.lang.Object)'> (0x00000000eb6792b8) 
thrown [s\src\hotspot\sha
Event: 5.410 Thread 0x000001ec6c15b2a0 Exception <a 'java/lang/NoSuchMethodError'{0x00000000eb6a18a0}: 'java.lang.Object java.lang.invoke.DirectMethodHandle$Holder.invokeStatic(java.lang.Object, java.lang.Object, java.lang.Object, java.lang.Object, java.lang.Object, java.lang.Object, java.lang.Object, java.lang.Object, java.lang.Object, java.lang.Object, java.lang.Object, java.lang.Object, java.lang.Object, java.lang.Object, java.lang.Object, java.lang.Object, java.lang.Object, java.lang.Object, java.lang.Object)'> (0x00000000eb6a18a0) 
thrown 
Event: 5.411 Thread 0x000001ec6c15b2a0 Exception <a 'java/lang/NoSuchMethodError'{0x00000000eb6caf00}: 'java.lang.Object java.lang.invoke.DirectMethodHandle$Holder.invokeStatic(java.lang.Object, java.lang.Object, java.lang.Object, java.lang.Object, java.lang.Object, java.lang.Object, java.lang.Object, java.lang.Object, java.lang.Object, java.lang.Object, java.lang.Object, java.lang.Object, java.lang.Object, java.lang.Object, java.lang.Object, java.lang.Object, java.lang.Object, java.lang.Object, java.lang.Object, java.lang.Object)'> (0x00000000
Event: 5.412 Thread 0x000001ec6c15b2a0 Exception <a 'java/lang/NoSuchMethodError'{0x00000000eb6f55c0}: 'java.lang.Object java.lang.invoke.DirectMethodHandle$Holder.invokeStatic(java.lang.Object, java.lang.Object, java.lang.Object, java.lang.Object, java.lang.Object, java.lang.Object, java.lang.Object, java.lang.Object, java.lang.Object, java.lang.Object, java.lang.Object, java.lang.Object, java.lang.Object, java.lang.Object, java.lang.Object, java.lang.Object, java.lang.Object, java.lang.Object, java.lang.Object, java.lang.Object, java.lang.Obj
Event: 5.413 Thread 0x000001ec6c15b2a0 Exception <a 'java/lang/NoSuchMethodError'{0x00000000eb520ad8}: 'java.lang.Object java.lang.invoke.DirectMethodHandle$Holder.invokeStatic(java.lang.Object, java.lang.Object, java.lang.Object, java.lang.Object, java.lang.Object, java.lang.Object, java.lang.Object, java.lang.Object, java.lang.Object, java.lang.Object, java.lang.Object, java.lang.Object, java.lang.Object, java.lang.Object, java.lang.Object, java.lang.Object, java.lang.Object, java.lang.Object, java.lang.Object, java.lang.Object, java.lang.Obj
Event: 5.414 Thread 0x000001ec6c15b2a0 Exception <a 'java/lang/NoSuchMethodError'{0x00000000eb54d5d0}: 'java.lang.Object java.lang.invoke.DirectMethodHandle$Holder.invokeStatic(java.lang.Object, java.lang.Object, java.lang.Object, java.lang.Object, java.lang.Object, java.lang.Object, java.lang.Object, java.lang.Object, java.lang.Object, java.lang.Object, java.lang.Object, java.lang.Object, java.lang.Object, java.lang.Object, java.lang.Object, java.lang.Object, java.lang.Object, java.lang.Object, java.lang.Object, java.lang.Object, java.lang.Obj
Event: 5.415 Thread 0x000001ec6c15b2a0 Exception <a 'java/lang/NoSuchMethodError'{0x00000000eb57b980}: 'java.lang.Object java.lang.invoke.DirectMethodHandle$Holder.invokeStatic(java.lang.Object, java.lang.Object, java.lang.Object, java.lang.Object, java.lang.Object, java.lang.Object, java.lang.Object, java.lang.Object, java.lang.Object, java.lang.Object, java.lang.Object, java.lang.Object, java.lang.Object, java.lang.Object, java.lang.Object, java.lang.Object, java.lang.Object, java.lang.Object, java.lang.Object, java.lang.Object, java.lang.Obj
Event: 5.479 Thread 0x000001ec6c15b2a0 Exception <a 'java/lang/IncompatibleClassChangeError'{0x00000000eaade568}: Found class java.lang.Object, but interface was expected> (0x00000000eaade568) 
thrown [s\src\hotspot\share\interpreter\linkResolver.cpp, line 838]
Event: 5.563 Thread 0x000001ec6c15b2a0 Exception <a 'java/lang/IncompatibleClassChangeError'{0x00000000ea5bcd18}: Found class java.lang.Object, but interface was expected> (0x00000000ea5bcd18) 
thrown [s\src\hotspot\share\interpreter\linkResolver.cpp, line 838]
Event: 5.585 Thread 0x000001ec6c15b2a0 Exception <a 'java/lang/NoSuchMethodError'{0x00000000ea33ed60}: 'int java.lang.invoke.DirectMethodHandle$Holder.invokeStaticInit(java.lang.Object, java.lang.Object, java.lang.Object, java.lang.Object, java.lang.Object)'> (0x00000000ea33ed60) 
thrown [s\src\hotspot\share\interpreter\linkResolver.cpp, line 771]
Event: 6.016 Thread 0x000001ec6c15b2a0 Exception <a 'java/lang/NoSuchMethodError'{0x00000000e85cbd98}: 'void java.lang.invoke.DirectMethodHandle$Holder.invokeInterface(java.lang.Object, java.lang.Object)'> (0x00000000e85cbd98) 
thrown [s\src\hotspot\share\interpreter\linkResolver.cpp, line 771]
Event: 6.057 Thread 0x000001ec6c15b2a0 Exception <a 'java/lang/NoSuchMethodError'{0x00000000e82f4220}: 'java.lang.Object java.lang.invoke.DirectMethodHandle$Holder.newInvokeSpecial(java.lang.Object, int, java.lang.Object)'> (0x00000000e82f4220) 
thrown [s\src\hotspot\share\interpreter\linkResolver.cpp, line 771]
Event: 6.143 Thread 0x000001ec6c15b2a0 Exception <a 'java/lang/IncompatibleClassChangeError'{0x00000000e7a78f40}: Found class java.lang.Object, but interface was expected> (0x00000000e7a78f40) 
thrown [s\src\hotspot\share\interpreter\linkResolver.cpp, line 838]
Event: 6.144 Thread 0x000001ec6c15b2a0 Exception <a 'java/lang/NoSuchMethodError'{0x00000000e7a80b20}: 'int java.lang.invoke.DirectMethodHandle$Holder.invokeSpecialIFC(java.lang.Object, java.lang.Object, java.lang.Object, java.lang.Object, java.lang.Object)'> (0x00000000e7a80b20) 
thrown [s\src\hotspot\share\interpreter\linkResolver.cpp, line 771]
Event: 6.225 Thread 0x000001ec6c15b2a0 Exception <a 'java/lang/NoSuchMethodError'{0x00000000efd59300}: 'int java.lang.invoke.DirectMethodHandle$Holder.invokeStatic(java.lang.Object)'> (0x00000000efd59300) 
thrown [s\src\hotspot\share\interpreter\linkResolver.cpp, line 771]
Event: 6.225 Thread 0x000001ec6c15b2a0 Exception <a 'java/lang/NoSuchMethodError'{0x00000000efd5d998}: 'int java.lang.invoke.DirectMethodHandle$Holder.invokeStaticInit(java.lang.Object)'> (0x00000000efd5d998) 
thrown [s\src\hotspot\share\interpreter\linkResolver.cpp, line 771]
Event: 6.242 Thread 0x000001ec6c15b2a0 Exception <a 'java/lang/NoSuchMethodError'{0x00000000efca12a0}: 'void java.lang.invoke.DirectMethodHandle$Holder.invokeStatic(java.lang.Object, java.lang.Object, java.lang.Object, int, java.lang.Object)'> (0x00000000efca12a0) 
thrown [s\src\hotspot\share\interpreter\linkResolver.cpp, line 771]

VM Operations (20 events):
Event: 5.516 Executing VM operation: HandshakeAllThreads
Event: 5.516 Executing VM operation: HandshakeAllThreads done
Event: 5.567 Executing VM operation: HandshakeAllThreads
Event: 5.567 Executing VM operation: HandshakeAllThreads done
Event: 5.567 Executing VM operation: HandshakeAllThreads
Event: 5.568 Executing VM operation: HandshakeAllThreads done
Event: 5.575 Executing VM operation: ICBufferFull
Event: 5.576 Executing VM operation: ICBufferFull done
Event: 5.579 Executing VM operation: HandshakeAllThreads
Event: 5.579 Executing VM operation: HandshakeAllThreads done
Event: 5.589 Executing VM operation: HandshakeAllThreads
Event: 5.589 Executing VM operation: HandshakeAllThreads done
Event: 5.685 Executing VM operation: HandshakeAllThreads
Event: 5.685 Executing VM operation: HandshakeAllThreads done
Event: 5.799 Executing VM operation: HandshakeAllThreads
Event: 5.800 Executing VM operation: HandshakeAllThreads done
Event: 5.861 Executing VM operation: ICBufferFull
Event: 5.861 Executing VM operation: ICBufferFull done
Event: 6.187 Executing VM operation: G1CollectForAllocation
Event: 6.196 Executing VM operation: G1CollectForAllocation done

Events (20 events):
Event: 6.078 loading class javax/net/ssl/X509TrustManager
Event: 6.078 loading class javax/net/ssl/X509TrustManager done
Event: 6.080 loading class javax/net/ssl/SSLException
Event: 6.080 loading class javax/net/ssl/SSLException done
Event: 6.080 loading class javax/net/ssl/SSLPeerUnverifiedException
Event: 6.080 loading class javax/net/ssl/SSLPeerUnverifiedException done
Event: 6.080 loading class java/security/cert/CertificateParsingException
Event: 6.080 loading class java/security/cert/CertificateException
Event: 6.080 loading class java/security/cert/CertificateException done
Event: 6.080 loading class java/security/cert/CertificateParsingException done
Event: 6.080 loading class javax/naming/NamingException
Event: 6.081 loading class javax/naming/NamingException done
Event: 6.081 loading class javax/naming/InvalidNameException
Event: 6.081 loading class javax/naming/InvalidNameException done
Event: 6.143 loading class java/util/Collections$ReverseComparator
Event: 6.143 loading class java/util/Collections$ReverseComparator done
Event: 6.143 loading class java/util/Comparators$NaturalOrderComparator
Event: 6.143 loading class java/util/Comparators$NaturalOrderComparator done
Event: 6.143 loading class java/util/Collections$ReverseComparator2
Event: 6.143 loading class java/util/Collections$ReverseComparator2 done


Dynamic libraries:
0x00007ff6c3170000 - 0x00007ff6c317a000 	C:\Users\mtriu\.jdks\jbrsdk-17.0.9\bin\java.exe
0x00007ffc34510000 - 0x00007ffc34727000 	C:\WINDOWS\SYSTEM32\ntdll.dll
0x00007ffc32ec0000 - 0x00007ffc32f84000 	C:\WINDOWS\System32\KERNEL32.DLL
0x00007ffc31a10000 - 0x00007ffc31dbd000 	C:\WINDOWS\System32\KERNELBASE.dll
0x00007ffc32090000 - 0x00007ffc321a1000 	C:\WINDOWS\System32\ucrtbase.dll
0x00007ffc1cfa0000 - 0x00007ffc1cfb7000 	C:\Users\mtriu\.jdks\jbrsdk-17.0.9\bin\jli.dll
0x00007ffc1c6c0000 - 0x00007ffc1c6db000 	C:\Users\mtriu\.jdks\jbrsdk-17.0.9\bin\VCRUNTIME140.dll
0x00007ffc32c40000 - 0x00007ffc32dee000 	C:\WINDOWS\System32\USER32.dll
0x00007ffc31840000 - 0x00007ffc31866000 	C:\WINDOWS\System32\win32u.dll
0x00007ffc322d0000 - 0x00007ffc322f9000 	C:\WINDOWS\System32\GDI32.dll
0x00007ffc318f0000 - 0x00007ffc31a09000 	C:\WINDOWS\System32\gdi32full.dll
0x00007ffc0a420000 - 0x00007ffc0a6b3000 	C:\WINDOWS\WinSxS\amd64_microsoft.windows.common-controls_6595b64144ccf1df_6.0.22621.3672_none_2713b9d173822955\COMCTL32.dll
0x00007ffc339a0000 - 0x00007ffc33a47000 	C:\WINDOWS\System32\msvcrt.dll
0x00007ffc321b0000 - 0x00007ffc3224a000 	C:\WINDOWS\System32\msvcp_win.dll
0x00007ffc32e80000 - 0x00007ffc32eb1000 	C:\WINDOWS\System32\IMM32.DLL
0x00007ffc2a3b0000 - 0x00007ffc2a3bc000 	C:\Users\mtriu\.jdks\jbrsdk-17.0.9\bin\vcruntime140_1.dll
0x00007ffc16db0000 - 0x00007ffc16e3d000 	C:\Users\mtriu\.jdks\jbrsdk-17.0.9\bin\msvcp140.dll
0x00007ffb46760000 - 0x00007ffb473e2000 	C:\Users\mtriu\.jdks\jbrsdk-17.0.9\bin\server\jvm.dll
0x00007ffc33080000 - 0x00007ffc33132000 	C:\WINDOWS\System32\ADVAPI32.dll
0x00007ffc34220000 - 0x00007ffc342c9000 	C:\WINDOWS\System32\sechost.dll
0x00007ffc32060000 - 0x00007ffc32088000 	C:\WINDOWS\System32\bcrypt.dll
0x00007ffc33c30000 - 0x00007ffc33d44000 	C:\WINDOWS\System32\RPCRT4.dll
0x00007ffc31140000 - 0x00007ffc3118d000 	C:\WINDOWS\SYSTEM32\POWRPROF.dll
0x00007ffc2b300000 - 0x00007ffc2b334000 	C:\WINDOWS\SYSTEM32\WINMM.dll
0x00007ffc06280000 - 0x00007ffc06289000 	C:\WINDOWS\SYSTEM32\WSOCK32.dll
0x00007ffc32df0000 - 0x00007ffc32e61000 	C:\WINDOWS\System32\WS2_32.dll
0x00007ffc24cc0000 - 0x00007ffc24cca000 	C:\WINDOWS\SYSTEM32\VERSION.dll
0x00007ffc31120000 - 0x00007ffc31133000 	C:\WINDOWS\SYSTEM32\UMPDC.dll
0x00007ffc307d0000 - 0x00007ffc307e8000 	C:\WINDOWS\SYSTEM32\kernel.appcore.dll
0x00007ffc1d660000 - 0x00007ffc1d66a000 	C:\Users\mtriu\.jdks\jbrsdk-17.0.9\bin\jimage.dll
0x00007ffc2bc40000 - 0x00007ffc2be72000 	C:\WINDOWS\SYSTEM32\DBGHELP.DLL
0x00007ffc32300000 - 0x00007ffc32688000 	C:\WINDOWS\System32\combase.dll
0x00007ffc32f90000 - 0x00007ffc33067000 	C:\WINDOWS\System32\OLEAUT32.dll
0x00007ffc19460000 - 0x00007ffc19492000 	C:\WINDOWS\SYSTEM32\dbgcore.DLL
0x00007ffc31870000 - 0x00007ffc318eb000 	C:\WINDOWS\System32\bcryptPrimitives.dll
0x00007ffc1c690000 - 0x00007ffc1c6b5000 	C:\Users\mtriu\.jdks\jbrsdk-17.0.9\bin\java.dll
0x00007ffc16d90000 - 0x00007ffc16da8000 	C:\Users\mtriu\.jdks\jbrsdk-17.0.9\bin\zip.dll
0x00007ffc14320000 - 0x00007ffc143f7000 	C:\Users\mtriu\.jdks\jbrsdk-17.0.9\bin\jsvml.dll
0x00007ffc33140000 - 0x00007ffc3399f000 	C:\WINDOWS\System32\SHELL32.dll
0x00007ffc2f740000 - 0x00007ffc3003c000 	C:\WINDOWS\SYSTEM32\windows.storage.dll
0x00007ffc2f600000 - 0x00007ffc2f73f000 	C:\WINDOWS\SYSTEM32\wintypes.dll
0x00007ffc33dd0000 - 0x00007ffc33ec4000 	C:\WINDOWS\System32\SHCORE.dll
0x00007ffc32b30000 - 0x00007ffc32b8e000 	C:\WINDOWS\System32\shlwapi.dll
0x00007ffc31770000 - 0x00007ffc31791000 	C:\WINDOWS\SYSTEM32\profapi.dll
0x00007ffc15d20000 - 0x00007ffc15d39000 	C:\Users\mtriu\.jdks\jbrsdk-17.0.9\bin\net.dll
0x00007ffc2cc30000 - 0x00007ffc2cd66000 	C:\WINDOWS\SYSTEM32\WINHTTP.dll
0x00007ffc30c90000 - 0x00007ffc30cf9000 	C:\WINDOWS\system32\mswsock.dll
0x00007ffc14670000 - 0x00007ffc14686000 	C:\Users\mtriu\.jdks\jbrsdk-17.0.9\bin\nio.dll
0x00007ffc1c650000 - 0x00007ffc1c660000 	C:\Users\mtriu\.jdks\jbrsdk-17.0.9\bin\verify.dll
0x00007ffc1d0b0000 - 0x00007ffc1d0d7000 	C:\Users\mtriu\.gradle\native\e1d6ef7f7dcc3fd88c89a11ec53ec762bb8ba0a96d01ffa2cd45eb1d1d8dd5c5\windows-amd64\native-platform.dll
0x00007ffc12fa0000 - 0x00007ffc130e4000 	C:\Users\mtriu\.gradle\native\0d407fdbe67a94daf76414ababcb853783967236a71b16ec16e742cd7a986fd3\windows-amd64\native-platform-file-events.dll
0x00007ffc17230000 - 0x00007ffc17239000 	C:\Users\mtriu\.jdks\jbrsdk-17.0.9\bin\management.dll
0x00007ffc16d80000 - 0x00007ffc16d8b000 	C:\Users\mtriu\.jdks\jbrsdk-17.0.9\bin\management_ext.dll
0x00007ffc32e70000 - 0x00007ffc32e78000 	C:\WINDOWS\System32\PSAPI.DLL
0x00007ffc31050000 - 0x00007ffc3106b000 	C:\WINDOWS\SYSTEM32\CRYPTSP.dll
0x00007ffc30790000 - 0x00007ffc307c5000 	C:\WINDOWS\system32\rsaenh.dll
0x00007ffc30d30000 - 0x00007ffc30d58000 	C:\WINDOWS\SYSTEM32\USERENV.dll
0x00007ffc30fc0000 - 0x00007ffc30fcc000 	C:\WINDOWS\SYSTEM32\CRYPTBASE.dll
0x00007ffc302a0000 - 0x00007ffc302cd000 	C:\WINDOWS\SYSTEM32\IPHLPAPI.DLL
0x00007ffc33db0000 - 0x00007ffc33db9000 	C:\WINDOWS\System32\NSI.dll
0x00007ffc2cc10000 - 0x00007ffc2cc29000 	C:\WINDOWS\SYSTEM32\dhcpcsvc6.DLL
0x00007ffc2cbb0000 - 0x00007ffc2cbcf000 	C:\WINDOWS\SYSTEM32\dhcpcsvc.DLL
0x00007ffc302d0000 - 0x00007ffc303c8000 	C:\WINDOWS\SYSTEM32\DNSAPI.dll
0x00007ffc16430000 - 0x00007ffc1643e000 	C:\Users\mtriu\.jdks\jbrsdk-17.0.9\bin\sunmscapi.dll
0x00007ffc31dc0000 - 0x00007ffc31f27000 	C:\WINDOWS\System32\CRYPT32.dll
0x00007ffc311d0000 - 0x00007ffc311fe000 	C:\WINDOWS\SYSTEM32\ncrypt.dll
0x00007ffc31190000 - 0x00007ffc311c7000 	C:\WINDOWS\SYSTEM32\NTASN1.dll
0x00007ffbde900000 - 0x00007ffbde908000 	C:\WINDOWS\system32\wshunix.dll

dbghelp: loaded successfully - version: 4.0.5 - missing functions: none
symbol engine: initialized successfully - sym options: 0x614 - pdb path: .;C:\Users\mtriu\.jdks\jbrsdk-17.0.9\bin;C:\WINDOWS\SYSTEM32;C:\WINDOWS\WinSxS\amd64_microsoft.windows.common-controls_6595b64144ccf1df_6.0.22621.3672_none_2713b9d173822955;C:\Users\mtriu\.jdks\jbrsdk-17.0.9\bin\server;C:\Users\mtriu\.gradle\native\e1d6ef7f7dcc3fd88c89a11ec53ec762bb8ba0a96d01ffa2cd45eb1d1d8dd5c5\windows-amd64;C:\Users\mtriu\.gradle\native\0d407fdbe67a94daf76414ababcb853783967236a71b16ec16e742cd7a986fd3\windows-amd64

VM Arguments:
jvm_args: --add-opens=java.base/java.util=ALL-UNNAMED --add-opens=java.base/java.lang=ALL-UNNAMED --add-opens=java.base/java.lang.invoke=ALL-UNNAMED --add-opens=java.base/java.util=ALL-UNNAMED --add-opens=java.prefs/java.util.prefs=ALL-UNNAMED --add-opens=java.prefs/java.util.prefs=ALL-UNNAMED --add-opens=java.base/java.nio.charset=ALL-UNNAMED --add-opens=java.base/java.net=ALL-UNNAMED --add-opens=java.base/java.util.concurrent.atomic=ALL-UNNAMED -XX:MaxMetaspaceSize=256m -XX:+HeapDumpOnOutOfMemoryError -Xms256m -Xmx512m -Dfile.encoding=x-windows-949 -Duser.country=US -Duser.language=en -Duser.variant 
java_command: org.gradle.launcher.daemon.bootstrap.GradleDaemon 7.5
java_class_path (initial): C:\Users\mtriu\.gradle\wrapper\dists\gradle-7.5-bin\f1w0cc9nuo0eivz97x2xlu9sv\gradle-7.5\lib\gradle-launcher-7.5.jar
Launcher Type: SUN_STANDARD

[Global flags]
     intx CICompilerCount                          = 12                                        {product} {ergonomic}
   size_t CompressedClassSpaceSize                 = 218103808                                 {product} {ergonomic}
     uint ConcGCThreads                            = 3                                         {product} {ergonomic}
     uint G1ConcRefinementThreads                  = 13                                        {product} {ergonomic}
   size_t G1HeapRegionSize                         = 1048576                                   {product} {ergonomic}
    uintx GCDrainStackTargetSize                   = 64                                        {product} {ergonomic}
     bool HeapDumpOnOutOfMemoryError               = true                                   {manageable} {command line}
   size_t InitialHeapSize                          = 268435456                                 {product} {command line}
   size_t MarkStackSize                            = 4194304                                   {product} {ergonomic}
   size_t MaxHeapSize                              = 536870912                                 {product} {command line}
   size_t MaxMetaspaceSize                         = 268435456                                 {product} {command line}
   size_t MaxNewSize                               = 321912832                                 {product} {ergonomic}
   size_t MinHeapDeltaBytes                        = 1048576                                   {product} {ergonomic}
   size_t MinHeapSize                              = 268435456                                 {product} {command line}
    uintx NonNMethodCodeHeapSize                   = 7602480                                {pd product} {ergonomic}
    uintx NonProfiledCodeHeapSize                  = 122027880                              {pd product} {ergonomic}
    uintx ProfiledCodeHeapSize                     = 122027880                              {pd product} {ergonomic}
    uintx ReservedCodeCacheSize                    = 251658240                              {pd product} {ergonomic}
     bool SegmentedCodeCache                       = true                                      {product} {ergonomic}
   size_t SoftMaxHeapSize                          = 536870912                              {manageable} {ergonomic}
     bool UseCompressedClassPointers               = true                           {product lp64_product} {ergonomic}
     bool UseCompressedOops                        = true                           {product lp64_product} {ergonomic}
     bool UseG1GC                                  = true                                      {product} {ergonomic}
     bool UseLargePagesIndividualAllocation        = false                                  {pd product} {ergonomic}

Logging:
Log output configuration:
 #0: stdout all=warning uptime,level,tags
 #1: stderr all=off uptime,level,tags

Environment Variables:
JAVA_HOME=C:\Program Files (x86)\IBM\Java70\jre
PATH=C:\Program Files (x86)\Common Files\Oracle\Java\javapath;C:\WINDOWS\system32;C:\WINDOWS;C:\WINDOWS\System32\Wbem;C:\WINDOWS\System32\WindowsPowerShell\v1.0\;C:\WINDOWS\System32\OpenSSH\;C:\Program Files\Git\cmd;C:\dev\openssl;C:\Program Files\Docker\Docker\resources\bin;C:\Program Files (x86)\Microsoft SQL Server\160\Tools\Binn\;C:\Program Files\Microsoft SQL Server\160\Tools\Binn\;C:\Program Files\Microsoft SQL Server\Client SDK\ODBC\170\Tools\Binn\;C:\Program Files\Microsoft SQL Server\160\DTS\Binn\;C:\Program Files (x86)\Microsoft SQL Server\160\DTS\Binn\;C:\Program Files\Azure Data Studio\bin;C:\Program Files\Kubernetes\Minikube;C:\Program Files\PuTTY\;C:\Program Files\nodejs\;C:\Program Files\nodejs;C:\Users\mtriu\AppData\Local\Microsoft\WindowsApps;C:\Program Files\Azure Data Studio\bin;C:\Users\mtriu\AppData\Local\JetBrains\Toolbox\scripts;C:\Users\mtriu\AppData\Local\Programs\Microsoft VS Code\bin;C:\Program Files (x86)\IBM\Java70\jre\bin;C:\Users\mtriu\AppData\Roaming\npm
USERNAME=mtriu
OS=Windows_NT
PROCESSOR_IDENTIFIER=AMD64 Family 25 Model 68 Stepping 1, AuthenticAMD
TMP=C:\Users\mtriu\AppData\Local\Temp
TEMP=C:\Users\mtriu\AppData\Local\Temp



Periodic native trim disabled

JNI global refs:
JNI global refs: 32, weak refs: 8

JNI global refs memory usage: 843, weak refs: 841

OOME stack traces (most recent first):
Classloader memory used:
Loader org.gradle.internal.classloader.VisitableURLClassLoader                         : 3807K
Loader bootstrap                                                                       : 2428K
Loader org.gradle.initialization.MixInLegacyTypesClassLoader                           : 857K
Loader jdk.internal.loader.ClassLoaders$PlatformClassLoader                            : 70452B
Loader jdk.internal.loader.ClassLoaders$AppClassLoader                                 : 25676B
Loader groovy.lang.GroovyClassLoader$InnerLoader                                       : 10283B
Loader jdk.internal.reflect.DelegatingClassLoader                                      : 6755B
Loader org.gradle.groovy.scripts.internal.DefaultScriptCompilationHandler$ScriptClassLoader: 3870B
Loader org.gradle.internal.classloader.VisitableURLClassLoader                         : 1349B
Loader org.codehaus.groovy.runtime.callsite.CallSiteClassLoader                        : 802B

Classes loaded by more than one classloader:
Class org.gradle.internal.installation.GradleInstallation                             : loaded 2 times (x 73B)
Class org.gradle.internal.classpath.ClassPath                                         : loaded 2 times (x 68B)
Class org.gradle.api.internal.classpath.DefaultModuleRegistry                         : loaded 2 times (x 84B)
Class org.gradle.api.Action                                                           : loaded 2 times (x 68B)
Class org.gradle.api.internal.DefaultClassPathProvider                                : loaded 2 times (x 74B)
Class org.gradle.internal.installation.GradleInstallation$1                           : loaded 2 times (x 73B)
Class org.gradle.internal.classloader.FilteringClassLoader                            : loaded 2 times (x 103B)
Class org.gradle.internal.classpath.DefaultClassPath$ImmutableUniqueList$Builder      : loaded 2 times (x 73B)
Class org.gradle.internal.classloader.ClassLoaderVisitor                              : loaded 2 times (x 74B)
Class _BuildScript_                                                                   : loaded 2 times (x 171B)
Class org.gradle.internal.service.DefaultServiceLocator                               : loaded 2 times (x 81B)
Class org.gradle.internal.service.UnknownServiceException                             : loaded 2 times (x 81B)
Class org.gradle.internal.classloader.DefaultClassLoaderFactory                       : loaded 2 times (x 80B)
Class org.gradle.internal.classloader.VisitableURLClassLoader$Spec                    : loaded 2 times (x 72B)
Class org.gradle.api.GradleException                                                  : loaded 2 times (x 80B)
Class org.gradle.api.internal.classpath.ModuleRegistry                                : loaded 2 times (x 68B)
Class org.gradle.api.internal.ClassPathProvider                                       : loaded 2 times (x 68B)
Class org.gradle.internal.classloader.ClasspathUtil$1                                 : loaded 2 times (x 74B)
Class org.gradle.internal.classloader.ClassLoaderFactory                              : loaded 2 times (x 68B)
Class org.gradle.api.internal.classpath.ManifestUtil                                  : loaded 2 times (x 69B)
Class org.gradle.api.specs.Spec                                                       : loaded 2 times (x 68B)
Class org.gradle.internal.IoActions                                                   : loaded 2 times (x 69B)
Class org.gradle.api.internal.classpath.EffectiveClassPath                            : loaded 2 times (x 88B)
Class org.gradle.internal.installation.CurrentGradleInstallation                      : loaded 2 times (x 71B)
Class org.gradle.internal.installation.CurrentGradleInstallationLocator               : loaded 2 times (x 69B)
Class org.gradle.api.internal.classpath.Module                                        : loaded 2 times (x 68B)
Class org.gradle.internal.service.CachingServiceLocator                               : loaded 2 times (x 80B)
Class org.gradle.internal.classpath.DefaultClassPath                                  : loaded 2 times (x 88B)
Class org.gradle.api.Transformer                                                      : loaded 2 times (x 68B)
Class org.gradle.internal.classloader.SystemClassLoaderSpec                           : loaded 2 times (x 69B)
Class org.gradle.api.UncheckedIOException                                             : loaded 2 times (x 80B)
Class Program                                                                         : loaded 2 times (x 72B)
Class org.gradle.internal.classloader.ClasspathUtil                                   : loaded 2 times (x 69B)
Class org.gradle.api.internal.DefaultClassPathRegistry                                : loaded 2 times (x 74B)
Class org.gradle.api.internal.classpath.DefaultModuleRegistry$DefaultModule           : loaded 2 times (x 84B)
Class org.gradle.api.internal.classpath.UnknownModuleException                        : loaded 2 times (x 80B)
Class org.gradle.internal.service.ServiceLookupException                              : loaded 2 times (x 80B)
Class org.gradle.cache.GlobalCache                                                    : loaded 2 times (x 68B)
Class [Lorg.gradle.api.internal.ClassPathProvider;                                    : loaded 2 times (x 67B)
Class org.gradle.util.internal.GUtil                                                  : loaded 2 times (x 69B)
Class org.gradle.internal.classloader.ClassLoaderSpec                                 : loaded 2 times (x 69B)
Class org.gradle.internal.classloader.VisitableURLClassLoader                         : loaded 2 times (x 115B)
Class org.gradle.internal.Cast                                                        : loaded 2 times (x 69B)
Class org.gradle.api.internal.ClassPathRegistry                                       : loaded 2 times (x 68B)
Class org.gradle.internal.classloader.ClassLoaderHierarchy                            : loaded 2 times (x 68B)
Class org.gradle.internal.service.ServiceLocator                                      : loaded 2 times (x 68B)
Class org.gradle.internal.classpath.DefaultClassPath$ImmutableUniqueList              : loaded 2 times (x 159B)


---------------  S Y S T E M  ---------------

OS:
 Windows 11 , 64 bit Build 22621 (10.0.22621.3672)
OS uptime: 8 days 6:15 hours
Hyper-V role detected

CPU: total 16 (initial active 16) (16 cores per cpu, 2 threads per core) family 25 model 68 stepping 1 microcode 0x0, cx8, cmov, fxsr, ht, mmx, 3dnowpref, sse, sse2, sse3, ssse3, sse4a, sse4.1, sse4.2, popcnt, lzcnt, tsc, tscinvbit, avx, avx2, aes, erms, clmul, bmi1, bmi2, adx, sha, fma, vzeroupper, clflush, clflushopt, hv
Processor Information for processor 0
  Max Mhz: 2701, Current Mhz: 2701, Mhz Limit: 2701
Processor Information for processor 1
  Max Mhz: 2701, Current Mhz: 2155, Mhz Limit: 2701
Processor Information for processor 2
  Max Mhz: 2701, Current Mhz: 2701, Mhz Limit: 2701
Processor Information for processor 3
  Max Mhz: 2701, Current Mhz: 2155, Mhz Limit: 2701
Processor Information for processor 4
  Max Mhz: 2701, Current Mhz: 2155, Mhz Limit: 2701
Processor Information for processor 5
  Max Mhz: 2701, Current Mhz: 2701, Mhz Limit: 2701
Processor Information for processor 6
  Max Mhz: 2701, Current Mhz: 2701, Mhz Limit: 2701
Processor Information for processor 7
  Max Mhz: 2701, Current Mhz: 2155, Mhz Limit: 2701
Processor Information for processor 8
  Max Mhz: 2701, Current Mhz: 2701, Mhz Limit: 2701
Processor Information for processor 9
  Max Mhz: 2701, Current Mhz: 2155, Mhz Limit: 2701
Processor Information for processor 10
  Max Mhz: 2701, Current Mhz: 2701, Mhz Limit: 2701
Processor Information for processor 11
  Max Mhz: 2701, Current Mhz: 2155, Mhz Limit: 2701
Processor Information for processor 12
  Max Mhz: 2701, Current Mhz: 2155, Mhz Limit: 2701
Processor Information for processor 13
  Max Mhz: 2701, Current Mhz: 2155, Mhz Limit: 2701
Processor Information for processor 14
  Max Mhz: 2701, Current Mhz: 2155, Mhz Limit: 2701
Processor Information for processor 15
  Max Mhz: 2701, Current Mhz: 2701, Mhz Limit: 2701

Memory: 4k page, system-wide physical 15118M (467M free)
TotalPageFile size 62222M (AvailPageFile size 2M)
current process WorkingSet (physical memory assigned to process): 407M, peak: 407M
current process commit charge ("private bytes"): 508M, peak: 511M

vm_info: OpenJDK 64-Bit Server VM (17.0.9+8-b1166.2) for windows-amd64 JRE (17.0.9+8-b1166.2), built on 2024-01-13 by "builduser" with MS VC++ 16.10 / 16.11 (VS2019)

END.
